Archive member included to satisfy reference by file (symbol)

s:/app/mounriver/mounriver_studio/toolchain/risc-v embedded gcc/bin/../lib/gcc/riscv-none-embed/8.2.0/rv32imafc/ilp32f\libgcc.a(extendsfdf2.o)
                              ./User/main.o (__extendsfdf2)
s:/app/mounriver/mounriver_studio/toolchain/risc-v embedded gcc/bin/../lib/gcc/riscv-none-embed/8.2.0/rv32imafc/ilp32f\libgcc.a(save-restore.o)
                              ./3rdparty/oled.o (__riscv_save_11)
s:/app/mounriver/mounriver_studio/toolchain/risc-v embedded gcc/bin/../lib/gcc/riscv-none-embed/8.2.0/rv32imafc/ilp32f\libgcc.a(_clzsi2.o)
                              s:/app/mounriver/mounriver_studio/toolchain/risc-v embedded gcc/bin/../lib/gcc/riscv-none-embed/8.2.0/rv32imafc/ilp32f\libgcc.a(extendsfdf2.o) (__clzsi2)
s:/app/mounriver/mounriver_studio/toolchain/risc-v embedded gcc/bin/../lib/gcc/riscv-none-embed/8.2.0/rv32imafc/ilp32f\libgcc.a(_clz.o)
                              s:/app/mounriver/mounriver_studio/toolchain/risc-v embedded gcc/bin/../lib/gcc/riscv-none-embed/8.2.0/rv32imafc/ilp32f\libgcc.a(_clzsi2.o) (__clz_tab)
s:/app/mounriver/mounriver_studio/toolchain/risc-v embedded gcc/bin/../lib/gcc/riscv-none-embed/8.2.0/../../../../riscv-none-embed/lib/rv32imafc/ilp32f\libg_nano.a(lib_a-memcpy.o)
                              ./Peripheral/src/ch32v30x_usbotg_device.o (memcpy)
s:/app/mounriver/mounriver_studio/toolchain/risc-v embedded gcc/bin/../lib/gcc/riscv-none-embed/8.2.0/../../../../riscv-none-embed/lib/rv32imafc/ilp32f\libg_nano.a(lib_a-memset.o)
                              ./QueFOC_dev/adc_sensor.o (memset)
s:/app/mounriver/mounriver_studio/toolchain/risc-v embedded gcc/bin/../lib/gcc/riscv-none-embed/8.2.0/../../../../riscv-none-embed/lib/rv32imafc/ilp32f\libg_nano.a(lib_a-nano-vfprintf_float.o)
                              (_printf_float)
s:/app/mounriver/mounriver_studio/toolchain/risc-v embedded gcc/bin/../lib/gcc/riscv-none-embed/8.2.0/../../../../riscv-none-embed/lib/rv32imafc/ilp32f\libg_nano.a(lib_a-nano-vfprintf_i.o)
                              s:/app/mounriver/mounriver_studio/toolchain/risc-v embedded gcc/bin/../lib/gcc/riscv-none-embed/8.2.0/../../../../riscv-none-embed/lib/rv32imafc/ilp32f\libg_nano.a(lib_a-nano-vfprintf_float.o) (_printf_common)
s:/app/mounriver/mounriver_studio/toolchain/risc-v embedded gcc/bin/../lib/gcc/riscv-none-embed/8.2.0/../../../../riscv-none-embed/lib/rv32imafc/ilp32f\libg_nano.a(lib_a-strlen.o)
                              s:/app/mounriver/mounriver_studio/toolchain/risc-v embedded gcc/bin/../lib/gcc/riscv-none-embed/8.2.0/../../../../riscv-none-embed/lib/rv32imafc/ilp32f\libg_nano.a(lib_a-nano-vfprintf_float.o) (strlen)
s:/app/mounriver/mounriver_studio/toolchain/risc-v embedded gcc/bin/../lib/gcc/riscv-none-embed/8.2.0/../../../../riscv-none-embed/lib/rv32imafc/ilp32f\libg_nano.a(lib_a-strtod.o)
                              ./QueFOC_dev/comm.o (strtof)
s:/app/mounriver/mounriver_studio/toolchain/risc-v embedded gcc/bin/../lib/gcc/riscv-none-embed/8.2.0/../../../../riscv-none-embed/lib/rv32imafc/ilp32f\libg_nano.a(lib_a-strtol.o)
                              ./QueFOC_dev/comm.o (strtol)
s:/app/mounriver/mounriver_studio/toolchain/risc-v embedded gcc/bin/../lib/gcc/riscv-none-embed/8.2.0/../../../../riscv-none-embed/lib/rv32imafc/ilp32f\libg_nano.a(lib_a-vsnprintf.o)
                              ./QueFOC_dev/comm.o (vsnprintf)
s:/app/mounriver/mounriver_studio/toolchain/risc-v embedded gcc/bin/../lib/gcc/riscv-none-embed/8.2.0/../../../../riscv-none-embed/lib/rv32imafc/ilp32f\libg_nano.a(lib_a-dtoa.o)
                              s:/app/mounriver/mounriver_studio/toolchain/risc-v embedded gcc/bin/../lib/gcc/riscv-none-embed/8.2.0/../../../../riscv-none-embed/lib/rv32imafc/ilp32f\libg_nano.a(lib_a-nano-vfprintf_float.o) (_dtoa_r)
s:/app/mounriver/mounriver_studio/toolchain/risc-v embedded gcc/bin/../lib/gcc/riscv-none-embed/8.2.0/../../../../riscv-none-embed/lib/rv32imafc/ilp32f\libg_nano.a(lib_a-gdtoa-gethex.o)
                              s:/app/mounriver/mounriver_studio/toolchain/risc-v embedded gcc/bin/../lib/gcc/riscv-none-embed/8.2.0/../../../../riscv-none-embed/lib/rv32imafc/ilp32f\libg_nano.a(lib_a-strtod.o) (__gethex)
s:/app/mounriver/mounriver_studio/toolchain/risc-v embedded gcc/bin/../lib/gcc/riscv-none-embed/8.2.0/../../../../riscv-none-embed/lib/rv32imafc/ilp32f\libg_nano.a(lib_a-gdtoa-hexnan.o)
                              s:/app/mounriver/mounriver_studio/toolchain/risc-v embedded gcc/bin/../lib/gcc/riscv-none-embed/8.2.0/../../../../riscv-none-embed/lib/rv32imafc/ilp32f\libg_nano.a(lib_a-strtod.o) (__match)
s:/app/mounriver/mounriver_studio/toolchain/risc-v embedded gcc/bin/../lib/gcc/riscv-none-embed/8.2.0/../../../../riscv-none-embed/lib/rv32imafc/ilp32f\libg_nano.a(lib_a-impure.o)
[...]
Memory Configuration

Name             Origin             Length             Attributes
FLASH            0x0000000000000000 0x0000000000048000 xr
RAM              0x0000000020000000 0x0000000000008000 xrw
*default*        0x0000000000000000 0xffffffffffffffff

Linker script and memory map

LOAD ./User/ch32v30x_it.o
LOAD ./User/main.o
LOAD ./User/system_ch32v30x.o
LOAD ./Startup/startup_ch32v30x_D8.o
LOAD ./QueFOC_dev/adc_sensor.o
LOAD ./QueFOC_dev/comm.o
LOAD ./QueFOC_dev/encoder.o
LOAD ./QueFOC_dev/fast_math.o
LOAD ./QueFOC_dev/filter.o
LOAD ./QueFOC_dev/foc.o
LOAD ./QueFOC_dev/motor.o
LOAD ./QueFOC_dev/pid.o
LOAD ./QueFOC_dev/pwm.o
LOAD ./Peripheral/src/ch32v30x_adc.o
LOAD ./Peripheral/src/ch32v30x_bkp.o
LOAD ./Peripheral/src/ch32v30x_can.o
LOAD ./Peripheral/src/ch32v30x_crc.o
LOAD ./Peripheral/src/ch32v30x_dac.o
LOAD ./Peripheral/src/ch32v30x_dbgmcu.o
LOAD ./Peripheral/src/ch32v30x_dma.o
LOAD ./Peripheral/src/ch32v30x_dvp.o
LOAD ./Peripheral/src/ch32v30x_eth.o
LOAD ./Peripheral/src/ch32v30x_exti.o
LOAD ./Peripheral/src/ch32v30x_flash.o
LOAD ./Peripheral/src/ch32v30x_fsmc.o
LOAD ./Peripheral/src/ch32v30x_gpio.o
LOAD ./Peripheral/src/ch32v30x_i2c.o
LOAD ./Peripheral/src/ch32v30x_iwdg.o
LOAD ./Peripheral/src/ch32v30x_misc.o
LOAD ./Peripheral/src/ch32v30x_opa.o
LOAD ./Peripheral/src/ch32v30x_pwr.o
LOAD ./Peripheral/src/ch32v30x_rcc.o
LOAD ./Peripheral/src/ch32v30x_rng.o
LOAD ./Peripheral/src/ch32v30x_rtc.o
LOAD ./Peripheral/src/ch32v30x_sdio.o
LOAD ./Peripheral/src/ch32v30x_spi.o
LOAD ./Peripheral/src/ch32v30x_tim.o
LOAD ./Peripheral/src/ch32v30x_usart.o
LOAD ./Peripheral/src/ch32v30x_usbotg_device.o
LOAD ./Peripheral/src/ch32v30x_wwdg.o
LOAD ./Hardware/adc.o
LOAD ./Hardware/delay.o
LOAD ./Hardware/dma.o
LOAD ./Hardware/gpio.o
LOAD ./Hardware/it.o
LOAD ./Hardware/nvic.o
LOAD ./Hardware/spi.o
LOAD ./Hardware/timer.o
LOAD ./Hardware/usart.o
LOAD ./Hardware/usb.o
LOAD ./Core/core_riscv.o
LOAD ./3rdparty/oled.o
LOAD s:/app/mounriver/mounriver_studio/toolchain/risc-v embedded gcc/bin/../lib/gcc/riscv-none-embed/8.2.0/../../../../riscv-none-embed/lib/rv32imafc/ilp32f\libm.a
LOAD s:/app/mounriver/mounriver_studio/toolchain/risc-v embedded gcc/bin/../lib/gcc/riscv-none-embed/8.2.0/rv32imafc/ilp32f\libgcc.a
LOAD s:/app/mounriver/mounriver_studio/toolchain/risc-v embedded gcc/bin/../lib/gcc/riscv-none-embed/8.2.0/../../../../riscv-none-embed/lib/rv32imafc/ilp32f\libg_nano.a
LOAD s:/app/mounriver/mounriver_studio/toolchain/risc-v embedded gcc/bin/../lib/gcc/riscv-none-embed/8.2.0/../../../../riscv-none-embed/lib/rv32imafc/ilp32f\libc_nano.a
LOAD s:/app/mounriver/mounriver_studio/toolchain/risc-v embedded gcc/bin/../lib/gcc/riscv-none-embed/8.2.0/rv32imafc/ilp32f\libgcc.a
START GROUP
LOAD s:/app/mounriver/mounriver_studio/toolchain/risc-v embedded gcc/bin/../lib/gcc/riscv-none-embed/8.2.0/rv32imafc/ilp32f\libgcc.a
LOAD s:/app/mounriver/mounriver_studio/toolchain/risc-v embedded gcc/bin/../lib/gcc/riscv-none-embed/8.2.0/../../../../riscv-none-embed/lib/rv32imafc/ilp32f\libc_nano.a
LOAD s:/app/mounriver/mounriver_studio/toolchain/risc-v embedded gcc/bin/../lib/gcc/riscv-none-embed/8.2.0/../../../../riscv-none-embed/lib/rv32imafc/ilp32f\libnosys.a
END GROUP
START GROUP
LOAD s:/app/mounriver/mounriver_studio/toolchain/risc-v embedded gcc/bin/../lib/gcc/riscv-none-embed/8.2.0/rv32imafc/ilp32f\libgcc.a
LOAD s:/app/mounriver/mounriver_studio/toolchain/risc-v embedded gcc/bin/../lib/gcc/riscv-none-embed/8.2.0/../../../../riscv-none-embed/lib/rv32imafc/ilp32f\libc_nano.a
LOAD s:/app/mounriver/mounriver_studio/toolchain/risc-v embedded gcc/bin/../lib/gcc/riscv-none-embed/8.2.0/../../../../riscv-none-embed/lib/rv32imafc/ilp32f\libnosys.a
END GROUP
                0x0000000000000800                __stack_size = 0x800
                [!provide]                        PROVIDE (_stack_size = __stack_size)

.init           0x0000000000000000       0x38
                0x0000000000000000                _sinit = .
                0x0000000000000000                . = ALIGN (0x4)
 *(SORT_NONE(.init))
 .init          0x0000000000000000       0x38 ./Startup/startup_ch32v30x_D8.o
                0x0000000000000000                _start
                0x0000000000000038                . = ALIGN (0x4)
                0x0000000000000038                _einit = .

.vector         0x0000000000000038      0x1c8
 *(.vector)
 .vector        0x0000000000000038      0x1a0 ./Startup/startup_ch32v30x_D8.o
                0x0000000000000200                . = ALIGN (0x40)
 *fill*         0x00000000000001d8       0x28 

.text           0x0000000000000200     0xcb98
                0x0000000000000200                . = ALIGN (0x4)
 *(.text)
 .text          0x0000000000000200       0x60 s:/app/mounriver/mounriver_studio/toolchain/risc-v embedded gcc/bin/../lib/gcc/riscv-none-embed/8.2.0/rv32imafc/ilp32f\libgcc.a(save-restore.o)
                0x0000000000000200                __riscv_save_12
                0x0000000000000208                __riscv_save_9
                0x0000000000000208                __riscv_save_11
                0x0000000000000208                __riscv_save_10
                0x0000000000000208                __riscv_save_8
                0x0000000000000216                __riscv_save_4
                0x0000000000000216                __riscv_save_6
                0x0000000000000216                __riscv_save_5
                0x0000000000000216                __riscv_save_7
                0x0000000000000230                __riscv_save_3
                0x0000000000000230                __riscv_save_2
                0x0000000000000230                __riscv_save_1
                0x0000000000000230                __riscv_save_0
                0x000000000000023c                __riscv_restore_12
                0x0000000000000240                __riscv_restore_11
                0x0000000000000240                __riscv_restore_9
                0x0000000000000240                __riscv_restore_10
                0x0000000000000240                __riscv_restore_8
                0x000000000000024a                __riscv_restore_5
                0x000000000000024a                __riscv_restore_7
                0x000000000000024a                __riscv_restore_6
                0x000000000000024a                __riscv_restore_4
                0x0000000000000254                __riscv_restore_3
                0x0000000000000254                __riscv_restore_0
                0x0000000000000254                __riscv_restore_2
                0x0000000000000254                __riscv_restore_1
 .text          0x0000000000000260       0xa8 s:/app/mounriver/mounriver_studio/toolchain/risc-v embedded gcc/bin/../lib/gcc/riscv-none-embed/8.2.0/../../../../riscv-none-embed/lib/rv32imafc/ilp32f\libg_nano.a(lib_a-memset.o)
                0x0000000000000260                memset
 *(.text.*)
 .text.NMI_Handler
                0x0000000000000308        0x4 ./User/ch32v30x_it.o
                0x0000000000000308                NMI_Handler
 .text.HardFault_Handler
                0x000000000000030c        0x2 ./User/ch32v30x_it.o
                0x000000000000030c                HardFault_Handler
 .text.hardware_basic_boot
                0x000000000000030e       0x12 ./User/main.o
                0x000000000000030e                hardware_basic_boot
 .text.hardware_encoder_boot
                0x0000000000000320        0xe ./User/main.o
                0x0000000000000320                hardware_encoder_boot
 .text.hardware_uart4_callback
                0x000000000000032e        0x6 ./User/main.o
                0x000000000000032e                hardware_uart4_callback
 .text.startup.main
                0x0000000000000334      0x262 ./User/main.o
                0x0000000000000334                main
 .text.SystemInit
                0x0000000000000596       0xfc ./User/system_ch32v30x.o
                0x0000000000000596                SystemInit
 .text.vector_handler
                0x0000000000000692       0xaa ./Startup/startup_ch32v30x_D8.o
                0x0000000000000696                Ecall_M_Mode_Handler
                0x0000000000000698                Ecall_U_Mode_Handler
                0x000000000000069a                Break_Point_Handler
                0x000000000000069c                SysTick_Handler
                0x000000000000069e                SW_Handler
                0x00000000000006a0                WWDG_IRQHandler
                0x00000000000006a2                PVD_IRQHandler
                0x00000000000006a4                TAMPER_IRQHandler
                0x00000000000006a6                RTC_IRQHandler
                0x00000000000006a8                FLASH_IRQHandler
                0x00000000000006aa                RCC_IRQHandler
                0x00000000000006ac                EXTI0_IRQHandler
                0x00000000000006ae                EXTI1_IRQHandler
                0x00000000000006b0                EXTI2_IRQHandler
                0x00000000000006b2                EXTI3_IRQHandler
                0x00000000000006b4                EXTI4_IRQHandler
                0x00000000000006b8                DMA1_Channel2_IRQHandler
                0x00000000000006ba                DMA1_Channel3_IRQHandler
                0x00000000000006bc                DMA1_Channel4_IRQHandler
                0x00000000000006be                DMA1_Channel5_IRQHandler
                0x00000000000006c0                DMA1_Channel6_IRQHandler
                0x00000000000006c2                DMA1_Channel7_IRQHandler
                0x00000000000006c6                USB_HP_CAN1_TX_IRQHandler
                0x00000000000006c8                USB_LP_CAN1_RX0_IRQHandler
                0x00000000000006ca                CAN1_RX1_IRQHandler
                0x00000000000006cc                CAN1_SCE_IRQHandler
                0x00000000000006ce                EXTI9_5_IRQHandler
                0x00000000000006d0                TIM1_BRK_IRQHandler
                0x00000000000006d2                TIM1_UP_IRQHandler
                0x00000000000006d4                TIM1_TRG_COM_IRQHandler
                0x00000000000006d6                TIM1_CC_IRQHandler
                0x00000000000006d8                TIM2_IRQHandler
                0x00000000000006da                TIM3_IRQHandler
                0x00000000000006dc                TIM4_IRQHandler
                0x00000000000006de                I2C1_EV_IRQHandler
                0x00000000000006e0                I2C1_ER_IRQHandler
                0x00000000000006e2                I2C2_EV_IRQHandler
                0x00000000000006e4                I2C2_ER_IRQHandler
                0x00000000000006e6                SPI1_IRQHandler
                0x00000000000006e8                SPI2_IRQHandler
                0x00000000000006ea                USART1_IRQHandler
                0x00000000000006ec                USART2_IRQHandler
                0x00000000000006f0                EXTI15_10_IRQHandler
                0x00000000000006f2                RTCAlarm_IRQHandler
                0x00000000000006f4                TIM8_BRK_IRQHandler
                0x00000000000006f6                TIM8_UP_IRQHandler
                0x00000000000006f8                TIM8_TRG_COM_IRQHandler
                0x00000000000006fa                TIM8_CC_IRQHandler
                0x00000000000006fc                RNG_IRQHandler
                0x00000000000006fe                FSMC_IRQHandler
                0x0000000000000700                SDIO_IRQHandler
                0x0000000000000702                TIM5_IRQHandler
                0x0000000000000704                SPI3_IRQHandler
                0x0000000000000708                UART5_IRQHandler
                0x000000000000070a                TIM6_IRQHandler
                0x000000000000070c                TIM7_IRQHandler
                0x000000000000070e                DMA2_Channel1_IRQHandler
                0x0000000000000710                DMA2_Channel2_IRQHandler
                0x0000000000000712                DMA2_Channel3_IRQHandler
                0x0000000000000714                DMA2_Channel4_IRQHandler
                0x0000000000000716                DMA2_Channel5_IRQHandler
                0x000000000000071a                UART6_IRQHandler
                0x000000000000071c                UART7_IRQHandler
                0x000000000000071e                UART8_IRQHandler
                0x0000000000000720                TIM9_BRK_IRQHandler
                0x0000000000000722                TIM9_UP_IRQHandler
                0x0000000000000724                TIM9_TRG_COM_IRQHandler
                0x0000000000000726                TIM9_CC_IRQHandler
                0x0000000000000728                TIM10_BRK_IRQHandler
                0x000000000000072a                TIM10_UP_IRQHandler
                0x000000000000072c                TIM10_TRG_COM_IRQHandler
                0x000000000000072e                TIM10_CC_IRQHandler
                0x0000000000000730                DMA2_Channel6_IRQHandler
                0x0000000000000732                DMA2_Channel7_IRQHandler
                0x0000000000000734                DMA2_Channel8_IRQHandler
                0x0000000000000736                DMA2_Channel9_IRQHandler
                0x0000000000000738                DMA2_Channel10_IRQHandler
                0x000000000000073a                DMA2_Channel11_IRQHandler
 .text.handle_reset
                0x000000000000073c       0x8a ./Startup/startup_ch32v30x_D8.o
                0x000000000000073c                handle_reset
 .text.adc_sensor_init
                0x00000000000007c6       0xac ./QueFOC_dev/adc_sensor.o
                0x00000000000007c6                adc_sensor_init
 .text.adc_boot
                0x0000000000000872       0x44 ./QueFOC_dev/adc_sensor.o
                0x0000000000000872                adc_boot
 .text.adc_update
                0x00000000000008b6       0x64 ./QueFOC_dev/adc_sensor.o
                0x00000000000008b6                adc_update
 .text.cmder_init
                0x000000000000091a       0x2c ./QueFOC_dev/comm.o
                0x000000000000091a                cmder_init
 .text.cmder_boot
                0x0000000000000946        0xc ./QueFOC_dev/comm.o
                0x0000000000000946                cmder_boot
 .text.cmder_add_motor
                0x0000000000000952       0x14 ./QueFOC_dev/comm.o
                0x0000000000000952                cmder_add_motor
 .text.cmder_report_prt
                0x0000000000000966       0x3c ./QueFOC_dev/comm.o
                0x0000000000000966                cmder_report_prt
 .text.cmder_cmd_error
                0x00000000000009a2       0x3c ./QueFOC_dev/comm.o
 .text.cmder_cmd_get_param_f
                0x00000000000009de       0x44 ./QueFOC_dev/comm.o
 .text.interrupt_receive_one_char
                0x0000000000000a22      0x508 ./QueFOC_dev/comm.o
                0x0000000000000a22                interrupt_receive_one_char
 .text.cmder_report_error
                0x0000000000000f2a       0x18 ./QueFOC_dev/comm.o
                0x0000000000000f2a                cmder_report_error
 .text.monitor_init
                0x0000000000000f42       0x1e ./QueFOC_dev/comm.o
                0x0000000000000f42                monitor_init
 .text.monitor_boot
                0x0000000000000f60        0xe ./QueFOC_dev/comm.o
                0x0000000000000f60                monitor_boot
 .text.monitor_prt
                0x0000000000000f6e       0x46 ./QueFOC_dev/comm.o
                0x0000000000000f6e                monitor_prt
 .text.encoder_init
                0x0000000000000fb4       0x36 ./QueFOC_dev/encoder.o
                0x0000000000000fb4                encoder_init
 .text.encoder_boot
                0x0000000000000fea        0xc ./QueFOC_dev/encoder.o
                0x0000000000000fea                encoder_boot
 .text.encoder_update
                0x0000000000000ff6      0x1c0 ./QueFOC_dev/encoder.o
                0x0000000000000ff6                encoder_update
 .text.encoder_pll_clear
                0x00000000000011b6       0x22 ./QueFOC_dev/encoder.o
                0x00000000000011b6                encoder_pll_clear
 .text.fmodf_real
                0x00000000000011d8       0x20 ./QueFOC_dev/fast_math.o
                0x00000000000011d8                fmodf_real
 .text.mod_real
                0x00000000000011f8        0xc ./QueFOC_dev/fast_math.o
                0x00000000000011f8                mod_real
 .text.fast_sin
                0x0000000000001204       0xb2 ./QueFOC_dev/fast_math.o
                0x0000000000001204                fast_sin
 .text.fast_cos
                0x00000000000012b6       0x16 ./QueFOC_dev/fast_math.o
                0x00000000000012b6                fast_cos
 .text.fast_sqrt
                0x00000000000012cc       0x28 ./QueFOC_dev/fast_math.o
                0x00000000000012cc                fast_sqrt
 .text.foc_refresh
                0x00000000000012f4       0x1a ./QueFOC_dev/foc.o
                0x00000000000012f4                foc_refresh
 .text.park_transform
                0x000000000000130e       0x4c ./QueFOC_dev/foc.o
                0x000000000000130e                park_transform
 .text.foc_update_d_q
                0x000000000000135a       0x34 ./QueFOC_dev/foc.o
                0x000000000000135a                foc_update_d_q
 .text.inverse_park
                0x000000000000138e       0x4c ./QueFOC_dev/foc.o
                0x000000000000138e                inverse_park
 .text.foc_modulation_svm
                0x00000000000013da      0x1ac ./QueFOC_dev/foc.o
                0x00000000000013da                foc_modulation_svm
 .text.foc_d_q_mod_control
                0x0000000000001586       0x30 ./QueFOC_dev/foc.o
 .text.foc_d_q_vec_control
                0x00000000000015b6       0x76 ./QueFOC_dev/foc.o
                0x00000000000015b6                foc_d_q_vec_control
 .text.foc_voltage_control
                0x000000000000162c       0x72 ./QueFOC_dev/foc.o
                0x000000000000162c                foc_voltage_control
 .text.foc_current_control
                0x000000000000169e       0xe0 ./QueFOC_dev/foc.o
                0x000000000000169e                foc_current_control
 .text.motor_init
                0x000000000000177e       0x98 ./QueFOC_dev/motor.o
                0x000000000000177e                motor_init
 .text.motor_boot
                0x0000000000001816       0x26 ./QueFOC_dev/motor.o
                0x0000000000001816                motor_boot
 .text.motor_stop
                0x000000000000183c       0x20 ./QueFOC_dev/motor.o
                0x000000000000183c                motor_stop
 .text.motor_shift_state
                0x000000000000185c        0x4 ./QueFOC_dev/motor.o
                0x000000000000185c                motor_shift_state
 .text.motor_loop_run
                0x0000000000001860       0xdc ./QueFOC_dev/motor.o
                0x0000000000001860                motor_loop_run
 .text.motor_loop_error
                0x000000000000193c       0x72 ./QueFOC_dev/motor.o
                0x000000000000193c                motor_loop_error
 .text.motor_update_current_ctrl_param
                0x00000000000019ae       0x1c ./QueFOC_dev/motor.o
                0x00000000000019ae                motor_update_current_ctrl_param
 .text.motor_loop_calibration
                0x00000000000019ca      0x4d8 ./QueFOC_dev/motor.o
                0x00000000000019ca                motor_loop_calibration
 .text.motor_loop_main
                0x0000000000001ea2       0xa2 ./QueFOC_dev/motor.o
                0x0000000000001ea2                motor_loop_main
 .text.interrupt_adc_done
                0x0000000000001f44        0xa ./QueFOC_dev/motor.o
                0x0000000000001f44                interrupt_adc_done
 .text.motor_update_vel_ctrl_param
                0x0000000000001f4e        0xa ./QueFOC_dev/motor.o
                0x0000000000001f4e                motor_update_vel_ctrl_param
 .text.pwm_init
                0x0000000000001f58       0x18 ./QueFOC_dev/pwm.o
                0x0000000000001f58                pwm_init
 .text.pwm_apply_duty
                0x0000000000001f70       0x30 ./QueFOC_dev/pwm.o
                0x0000000000001f70                pwm_apply_duty
 .text.pwm_boot
                0x0000000000001fa0       0x22 ./QueFOC_dev/pwm.o
                0x0000000000001fa0                pwm_boot
 .text.pwm_sync_duty
                0x0000000000001fc2       0x1c ./QueFOC_dev/pwm.o
                0x0000000000001fc2                pwm_sync_duty
 .text.ADC_DeInit
                0x0000000000001fde       0x46 ./Peripheral/src/ch32v30x_adc.o
                0x0000000000001fde                ADC_DeInit
 .text.ADC_Init
                0x0000000000002024       0x58 ./Peripheral/src/ch32v30x_adc.o
                0x0000000000002024                ADC_Init
 .text.ADC_Cmd  0x000000000000207c       0x10 ./Peripheral/src/ch32v30x_adc.o
                0x000000000000207c                ADC_Cmd
 .text.ADC_DMACmd
                0x000000000000208c       0x12 ./Peripheral/src/ch32v30x_adc.o
                0x000000000000208c                ADC_DMACmd
 .text.ADC_ITConfig
                0x000000000000209e       0x16 ./Peripheral/src/ch32v30x_adc.o
                0x000000000000209e                ADC_ITConfig
 .text.ADC_ResetCalibration
                0x00000000000020b4        0xa ./Peripheral/src/ch32v30x_adc.o
                0x00000000000020b4                ADC_ResetCalibration
 .text.ADC_GetResetCalibrationStatus
                0x00000000000020be        0x8 ./Peripheral/src/ch32v30x_adc.o
                0x00000000000020be                ADC_GetResetCalibrationStatus
 .text.ADC_StartCalibration
                0x00000000000020c6        0xa ./Peripheral/src/ch32v30x_adc.o
                0x00000000000020c6                ADC_StartCalibration
 .text.ADC_GetCalibrationStatus
                0x00000000000020d0        0x8 ./Peripheral/src/ch32v30x_adc.o
                0x00000000000020d0                ADC_GetCalibrationStatus
 .text.ADC_SoftwareStartConvCmd
                0x00000000000020d8       0x18 ./Peripheral/src/ch32v30x_adc.o
                0x00000000000020d8                ADC_SoftwareStartConvCmd
 .text.ADC_RegularChannelConfig
                0x00000000000020f0       0xb8 ./Peripheral/src/ch32v30x_adc.o
                0x00000000000020f0                ADC_RegularChannelConfig
 .text.ADC_ExternalTrigInjectedConvConfig
                0x00000000000021a8        0xe ./Peripheral/src/ch32v30x_adc.o
                0x00000000000021a8                ADC_ExternalTrigInjectedConvConfig
 .text.ADC_ExternalTrigInjectedConvCmd
                0x00000000000021b6       0x14 ./Peripheral/src/ch32v30x_adc.o
                0x00000000000021b6                ADC_ExternalTrigInjectedConvCmd
 .text.ADC_InjectedChannelConfig
                0x00000000000021ca       0x7a ./Peripheral/src/ch32v30x_adc.o
                0x00000000000021ca                ADC_InjectedChannelConfig
 .text.ADC_InjectedSequencerLengthConfig
                0x0000000000002244       0x14 ./Peripheral/src/ch32v30x_adc.o
                0x0000000000002244                ADC_InjectedSequencerLengthConfig
 .text.ADC_GetInjectedConversionValue
                0x0000000000002258       0x1c ./Peripheral/src/ch32v30x_adc.o
                0x0000000000002258                ADC_GetInjectedConversionValue
 .text.ADC_GetITStatus
                0x0000000000002274       0x1c ./Peripheral/src/ch32v30x_adc.o
                0x0000000000002274                ADC_GetITStatus
 .text.ADC_ClearITPendingBit
                0x0000000000002290        0xa ./Peripheral/src/ch32v30x_adc.o
                0x0000000000002290                ADC_ClearITPendingBit
 .text.ADC_BufferCmd
                0x000000000000229a       0x18 ./Peripheral/src/ch32v30x_adc.o
                0x000000000000229a                ADC_BufferCmd
 .text.Get_CalibrationValue
                0x00000000000022b2      0x168 ./Peripheral/src/ch32v30x_adc.o
                0x00000000000022b2                Get_CalibrationValue
 .text.DMA_DeInit
                0x000000000000241a      0x16c ./Peripheral/src/ch32v30x_dma.o
                0x000000000000241a                DMA_DeInit
 .text.DMA_Init
                0x0000000000002586       0x38 ./Peripheral/src/ch32v30x_dma.o
                0x0000000000002586                DMA_Init
 .text.DMA_ITConfig
                0x00000000000025be       0x12 ./Peripheral/src/ch32v30x_dma.o
                0x00000000000025be                DMA_ITConfig
 .text.DMA_GetFlagStatus
                0x00000000000025d0       0x32 ./Peripheral/src/ch32v30x_dma.o
                0x00000000000025d0                DMA_GetFlagStatus
 .text.DMA_ClearFlag
                0x0000000000002602       0x2c ./Peripheral/src/ch32v30x_dma.o
                0x0000000000002602                DMA_ClearFlag
 .text.DMA_GetITStatus
                0x000000000000262e        0xa ./Peripheral/src/ch32v30x_dma.o
                0x000000000000262e                DMA_GetITStatus
 .text.DMA_ClearITPendingBit
                0x0000000000002638        0xa ./Peripheral/src/ch32v30x_dma.o
                0x0000000000002638                DMA_ClearITPendingBit
 .text.GPIO_Init
                0x0000000000002642       0xc2 ./Peripheral/src/ch32v30x_gpio.o
                0x0000000000002642                GPIO_Init
 .text.GPIO_SetBits
                0x0000000000002704        0x4 ./Peripheral/src/ch32v30x_gpio.o
                0x0000000000002704                GPIO_SetBits
 .text.GPIO_ResetBits
                0x0000000000002708        0x4 ./Peripheral/src/ch32v30x_gpio.o
                0x0000000000002708                GPIO_ResetBits
 .text.GPIO_PinRemapConfig
                0x000000000000270c       0xc4 ./Peripheral/src/ch32v30x_gpio.o
                0x000000000000270c                GPIO_PinRemapConfig
 .text.NVIC_PriorityGroupConfig
                0x00000000000027d0        0x6 ./Peripheral/src/ch32v30x_misc.o
                0x00000000000027d0                NVIC_PriorityGroupConfig
 .text.NVIC_Init
                0x00000000000027d6       0xb8 ./Peripheral/src/ch32v30x_misc.o
                0x00000000000027d6                NVIC_Init
 .text.RCC_ADCCLKConfig
                0x000000000000288e       0x12 ./Peripheral/src/ch32v30x_rcc.o
                0x000000000000288e                RCC_ADCCLKConfig
 .text.RCC_GetClocksFreq
                0x00000000000028a0      0x17e ./Peripheral/src/ch32v30x_rcc.o
                0x00000000000028a0                RCC_GetClocksFreq
 .text.RCC_AHBPeriphClockCmd
                0x0000000000002a1e       0x1e ./Peripheral/src/ch32v30x_rcc.o
                0x0000000000002a1e                RCC_AHBPeriphClockCmd
 .text.RCC_APB2PeriphClockCmd
                0x0000000000002a3c       0x1e ./Peripheral/src/ch32v30x_rcc.o
                0x0000000000002a3c                RCC_APB2PeriphClockCmd
 .text.RCC_APB1PeriphClockCmd
                0x0000000000002a5a       0x1e ./Peripheral/src/ch32v30x_rcc.o
                0x0000000000002a5a                RCC_APB1PeriphClockCmd
 .text.RCC_APB2PeriphResetCmd
                0x0000000000002a78       0x1e ./Peripheral/src/ch32v30x_rcc.o
                0x0000000000002a78                RCC_APB2PeriphResetCmd
 .text.SPI_Init
                0x0000000000002a96       0x5a ./Peripheral/src/ch32v30x_spi.o
                0x0000000000002a96                SPI_Init
 .text.SPI_Cmd  0x0000000000002af0       0x1e ./Peripheral/src/ch32v30x_spi.o
                0x0000000000002af0                SPI_Cmd
 .text.SPI_I2S_SendData
                0x0000000000002b0e        0x6 ./Peripheral/src/ch32v30x_spi.o
                0x0000000000002b0e                SPI_I2S_SendData
 .text.SPI_I2S_ReceiveData
                0x0000000000002b14        0x6 ./Peripheral/src/ch32v30x_spi.o
                0x0000000000002b14                SPI_I2S_ReceiveData
 .text.SPI_I2S_GetFlagStatus
                0x0000000000002b1a        0xc ./Peripheral/src/ch32v30x_spi.o
                0x0000000000002b1a                SPI_I2S_GetFlagStatus
 .text.TIM_TimeBaseInit
                0x0000000000002b26       0xc0 ./Peripheral/src/ch32v30x_tim.o
                0x0000000000002b26                TIM_TimeBaseInit
 .text.TIM_OC1Init
                0x0000000000002be6       0xa0 ./Peripheral/src/ch32v30x_tim.o
                0x0000000000002be6                TIM_OC1Init
 .text.TIM_OC2Init
                0x0000000000002c86       0xcc ./Peripheral/src/ch32v30x_tim.o
                0x0000000000002c86                TIM_OC2Init
 .text.TIM_OC3Init
                0x0000000000002d52       0xca ./Peripheral/src/ch32v30x_tim.o
                0x0000000000002d52                TIM_OC3Init
 .text.TIM_OC4Init
                0x0000000000002e1c       0x9e ./Peripheral/src/ch32v30x_tim.o
                0x0000000000002e1c                TIM_OC4Init
 .text.TIM_BDTRConfig
                0x0000000000002eba       0x2e ./Peripheral/src/ch32v30x_tim.o
                0x0000000000002eba                TIM_BDTRConfig
 .text.TIM_Cmd  0x0000000000002ee8       0x1c ./Peripheral/src/ch32v30x_tim.o
                0x0000000000002ee8                TIM_Cmd
 .text.TIM_CtrlPWMOutputs
                0x0000000000002f04       0x16 ./Peripheral/src/ch32v30x_tim.o
                0x0000000000002f04                TIM_CtrlPWMOutputs
 .text.TIM_ARRPreloadConfig
                0x0000000000002f1a       0x1e ./Peripheral/src/ch32v30x_tim.o
                0x0000000000002f1a                TIM_ARRPreloadConfig
 .text.TIM_OC1PreloadConfig
                0x0000000000002f38       0x12 ./Peripheral/src/ch32v30x_tim.o
                0x0000000000002f38                TIM_OC1PreloadConfig
 .text.TIM_OC2PreloadConfig
                0x0000000000002f4a       0x1a ./Peripheral/src/ch32v30x_tim.o
                0x0000000000002f4a                TIM_OC2PreloadConfig
 .text.TIM_OC3PreloadConfig
                0x0000000000002f64       0x12 ./Peripheral/src/ch32v30x_tim.o
                0x0000000000002f64                TIM_OC3PreloadConfig
 .text.TIM_OC4PreloadConfig
                0x0000000000002f76       0x1a ./Peripheral/src/ch32v30x_tim.o
                0x0000000000002f76                TIM_OC4PreloadConfig
 .text.TIM_SetCompare1
                0x0000000000002f90        0x6 ./Peripheral/src/ch32v30x_tim.o
                0x0000000000002f90                TIM_SetCompare1
 .text.TIM_SetCompare2
                0x0000000000002f96        0x6 ./Peripheral/src/ch32v30x_tim.o
                0x0000000000002f96                TIM_SetCompare2
 .text.TIM_SetCompare3
                0x0000000000002f9c        0x6 ./Peripheral/src/ch32v30x_tim.o
                0x0000000000002f9c                TIM_SetCompare3
 .text.USART_Init
                0x0000000000002fa2       0xd8 ./Peripheral/src/ch32v30x_usart.o
                0x0000000000002fa2                USART_Init
 .text.USART_Cmd
                0x000000000000307a       0x1c ./Peripheral/src/ch32v30x_usart.o
                0x000000000000307a                USART_Cmd
 .text.USART_ITConfig
                0x0000000000003096       0x36 ./Peripheral/src/ch32v30x_usart.o
                0x0000000000003096                USART_ITConfig
 .text.USART_SendData
                0x00000000000030cc        0xa ./Peripheral/src/ch32v30x_usart.o
                0x00000000000030cc                USART_SendData
 .text.USART_ReceiveData
                0x00000000000030d6        0xa ./Peripheral/src/ch32v30x_usart.o
                0x00000000000030d6                USART_ReceiveData
 .text.USART_GetFlagStatus
                0x00000000000030e0        0xc ./Peripheral/src/ch32v30x_usart.o
                0x00000000000030e0                USART_GetFlagStatus
 .text.USART_GetITStatus
                0x00000000000030ec       0x44 ./Peripheral/src/ch32v30x_usart.o
                0x00000000000030ec                USART_GetITStatus
 .text.USART_ClearITPendingBit
                0x0000000000003130       0x16 ./Peripheral/src/ch32v30x_usart.o
                0x0000000000003130                USART_ClearITPendingBit
 .text.DevEP1_IN_Deal
                0x0000000000003146       0x16 ./Peripheral/src/ch32v30x_usbotg_device.o
                0x0000000000003146                DevEP1_IN_Deal
 .text.DevEP2_IN_Deal
                0x000000000000315c       0x16 ./Peripheral/src/ch32v30x_usbotg_device.o
                0x000000000000315c                DevEP2_IN_Deal
 .text.DevEP1_OUT_Deal
                0x0000000000003172       0x2a ./Peripheral/src/ch32v30x_usbotg_device.o
                0x0000000000003172                DevEP1_OUT_Deal
 .text.DevEP2_OUT_Deal
                0x000000000000319c       0x2a ./Peripheral/src/ch32v30x_usbotg_device.o
                0x000000000000319c                DevEP2_OUT_Deal
 .text.OTG_FS_IRQHandler
                0x00000000000031c6      0x6ae ./Peripheral/src/ch32v30x_usbotg_device.o
                0x00000000000031c6                OTG_FS_IRQHandler
 .text.get_conversion_val_ADC1
                0x0000000000003874       0x30 ./Hardware/adc.o
 .text.hardware_adc_boot
                0x00000000000038a4      0x1bc ./Hardware/adc.o
                0x00000000000038a4                hardware_adc_boot
 .text.hardware_adc_read_phase_c
                0x0000000000003a60       0x1e ./Hardware/adc.o
                0x0000000000003a60                hardware_adc_read_phase_c
 .text.hardware_adc_read_phase_b
                0x0000000000003a7e       0x1e ./Hardware/adc.o
                0x0000000000003a7e                hardware_adc_read_phase_b
 .text.hardware_adc_read_phase_a
                0x0000000000003a9c       0x1e ./Hardware/adc.o
                0x0000000000003a9c                hardware_adc_read_phase_a
 .text.hardware_adc_read_vbus
                0x0000000000003aba       0x10 ./Hardware/adc.o
                0x0000000000003aba                hardware_adc_read_vbus
 .text.hardware_adc_read_vgnd
                0x0000000000003aca       0x32 ./Hardware/adc.o
                0x0000000000003aca                hardware_adc_read_vgnd
 .text.hardware_delay_init
                0x0000000000003afc       0x2a ./Hardware/delay.o
                0x0000000000003afc                hardware_delay_init
 .text.hardware_delay_ms
                0x0000000000003b26       0x44 ./Hardware/delay.o
                0x0000000000003b26                hardware_delay_ms
 .text.hardware_dma_boot
                0x0000000000003b6a       0x76 ./Hardware/dma.o
                0x0000000000003b6a                hardware_dma_boot
 .text.hardware_motor_gpio_boot
                0x0000000000003be0       0xf2 ./Hardware/gpio.o
                0x0000000000003be0                hardware_motor_gpio_boot
 .text.hardware_encoder_gpio_boot
                0x0000000000003cd2       0x7c ./Hardware/gpio.o
                0x0000000000003cd2                hardware_encoder_gpio_boot
 .text.ADC1_2_IRQHandler
                0x0000000000003d4e       0x86 ./Hardware/it.o
                0x0000000000003d4e                ADC1_2_IRQHandler
 .text.DMA1_Channel1_IRQHandler
                0x0000000000003dd4       0x76 ./Hardware/it.o
                0x0000000000003dd4                DMA1_Channel1_IRQHandler
 .text.USART3_IRQHandler
                0x0000000000003e4a       0x92 ./Hardware/it.o
                0x0000000000003e4a                USART3_IRQHandler
 .text.UART4_IRQHandler
                0x0000000000003edc       0x90 ./Hardware/it.o
                0x0000000000003edc                UART4_IRQHandler
 .text.hardware_nvic_boot
                0x0000000000003f6c       0x68 ./Hardware/nvic.o
                0x0000000000003f6c                hardware_nvic_boot
 .text.hardware_encoder_spi_boot
                0x0000000000003fd4       0x52 ./Hardware/spi.o
                0x0000000000003fd4                hardware_encoder_spi_boot
 .text.spi_write
                0x0000000000004026       0x28 ./Hardware/spi.o
                0x0000000000004026                spi_write
 .text.spi_read
                0x000000000000404e       0x1a ./Hardware/spi.o
                0x000000000000404e                spi_read
 .text.spi_write_read
                0x0000000000004068       0x36 ./Hardware/spi.o
                0x0000000000004068                spi_write_read
 .text.check_parity
                0x000000000000409e       0x1c ./Hardware/spi.o
                0x000000000000409e                check_parity
 .text.hardware_encoder_spi_data
                0x00000000000040ba       0x32 ./Hardware/spi.o
                0x00000000000040ba                hardware_encoder_spi_data
 .text.hardware_pwm_boot
                0x00000000000040ec      0x152 ./Hardware/timer.o
                0x00000000000040ec                hardware_pwm_boot
 .text.hardware_set_pwm_duty_ch_a
                0x000000000000423e       0x3a ./Hardware/timer.o
                0x000000000000423e                hardware_set_pwm_duty_ch_a
 .text.hardware_set_pwm_duty_ch_b
                0x0000000000004278       0x3a ./Hardware/timer.o
                0x0000000000004278                hardware_set_pwm_duty_ch_b
 .text.hardware_set_pwm_duty_ch_c
                0x00000000000042b2       0x3a ./Hardware/timer.o
                0x00000000000042b2                hardware_set_pwm_duty_ch_c
 .text.hardware_usart3_boot
                0x00000000000042ec       0x58 ./Hardware/usart.o
                0x00000000000042ec                hardware_usart3_boot
 .text.hardware_uart4_boot
                0x0000000000004344       0x58 ./Hardware/usart.o
                0x0000000000004344                hardware_uart4_boot
 .text.hardware_usart3_send_str
                0x000000000000439c       0x32 ./Hardware/usart.o
                0x000000000000439c                hardware_usart3_send_str
 .text.hardware_uart4_send_u8
                0x00000000000043ce       0x26 ./Hardware/usart.o
                0x00000000000043ce                hardware_uart4_send_u8
 .text.trans_data_package_float
                0x00000000000043f4       0x30 ./Hardware/usart.o
                0x00000000000043f4                trans_data_package_float
 .text.rec_data_package_float
                0x0000000000004424       0x8c ./Hardware/usart.o
                0x0000000000004424                rec_data_package_float
 .text.__extendsfdf2
                0x00000000000044b0       0xe8 s:/app/mounriver/mounriver_studio/toolchain/risc-v embedded gcc/bin/../lib/gcc/riscv-none-embed/8.2.0/rv32imafc/ilp32f\libgcc.a(extendsfdf2.o)
                0x00000000000044b0                __extendsfdf2
 .text.__clzsi2
                0x0000000000004598       0x76 s:/app/mounriver/mounriver_studio/toolchain/risc-v embedded gcc/bin/../lib/gcc/riscv-none-embed/8.2.0/rv32imafc/ilp32f\libgcc.a(_clzsi2.o)
                0x0000000000004598                __clzsi2
 .text.memcpy   0x000000000000460e       0xb6 s:/app/mounriver/mounriver_studio/toolchain/risc-v embedded gcc/bin/../lib/gcc/riscv-none-embed/8.2.0/../../../../riscv-none-embed/lib/rv32imafc/ilp32f\libg_nano.a(lib_a-memcpy.o)
                0x000000000000460e                memcpy
 .text.__cvt    0x00000000000046c4       0xee s:/app/mounriver/mounriver_studio/toolchain/risc-v embedded gcc/bin/../lib/gcc/riscv-none-embed/8.2.0/../../../../riscv-none-embed/lib/rv32imafc/ilp32f\libg_nano.a(lib_a-nano-vfprintf_float.o)
                0x00000000000046c4                __cvt
 .text.__exponent
                0x00000000000047b2       0x8c s:/app/mounriver/mounriver_studio/toolchain/risc-v embedded gcc/bin/../lib/gcc/riscv-none-embed/8.2.0/../../../../riscv-none-embed/lib/rv32imafc/ilp32f\libg_nano.a(lib_a-nano-vfprintf_float.o)
                0x00000000000047b2                __exponent
 .text._printf_float
                0x000000000000483e      0x4c4 s:/app/mounriver/mounriver_studio/toolchain/risc-v embedded gcc/bin/../lib/gcc/riscv-none-embed/8.2.0/../../../../riscv-none-embed/lib/rv32imafc/ilp32f\libg_nano.a(lib_a-nano-vfprintf_float.o)
                0x000000000000483e                _printf_float
 .text._printf_common
                0x0000000000004d02      0x10c s:/app/mounriver/mounriver_studio/toolchain/risc-v embedded gcc/bin/../lib/gcc/riscv-none-embed/8.2.0/../../../../riscv-none-embed/lib/rv32imafc/ilp32f\libg_nano.a(lib_a-nano-vfprintf_i.o)
                0x0000000000004d02                _printf_common
 .text._printf_i
                0x0000000000004e0e      0x2ac s:/app/mounriver/mounriver_studio/toolchain/risc-v embedded gcc/bin/../lib/gcc/riscv-none-embed/8.2.0/../../../../riscv-none-embed/lib/rv32imafc/ilp32f\libg_nano.a(lib_a-nano-vfprintf_i.o)
                0x0000000000004e0e                _printf_i
 .text.strlen   0x00000000000050ba       0x12 s:/app/mounriver/mounriver_studio/toolchain/risc-v embedded gcc/bin/../lib/gcc/riscv-none-embed/8.2.0/../../../../riscv-none-embed/lib/rv32imafc/ilp32f\libg_nano.a(lib_a-strlen.o)
                0x00000000000050ba                strlen
 .text.sulp     0x00000000000050cc       0x4e s:/app/mounriver/mounriver_studio/toolchain/risc-v embedded gcc/bin/../lib/gcc/riscv-none-embed/8.2.0/../../../../riscv-none-embed/lib/rv32imafc/ilp32f\libg_nano.a(lib_a-strtod.o)
 .text._strtod_l
                0x000000000000511a      0xc9c s:/app/mounriver/mounriver_studio/toolchain/risc-v embedded gcc/bin/../lib/gcc/riscv-none-embed/8.2.0/../../../../riscv-none-embed/lib/rv32imafc/ilp32f\libg_nano.a(lib_a-strtod.o)
                0x000000000000511a                _strtod_l
 .text.strtof   0x0000000000005db6       0xc6 s:/app/mounriver/mounriver_studio/toolchain/risc-v embedded gcc/bin/../lib/gcc/riscv-none-embed/8.2.0/../../../../riscv-none-embed/lib/rv32imafc/ilp32f\libg_nano.a(lib_a-strtod.o)
                0x0000000000005db6                strtof
 .text._strtol_l.isra.0
                0x0000000000005e7c      0x144 s:/app/mounriver/mounriver_studio/toolchain/risc-v embedded gcc/bin/../lib/gcc/riscv-none-embed/8.2.0/../../../../riscv-none-embed/lib/rv32imafc/ilp32f\libg_nano.a(lib_a-strtol.o)
 .text.strtol   0x0000000000005fc0       0x1e s:/app/mounriver/mounriver_studio/toolchain/risc-v embedded gcc/bin/../lib/gcc/riscv-none-embed/8.2.0/../../../../riscv-none-embed/lib/rv32imafc/ilp32f\libg_nano.a(lib_a-strtol.o)
                0x0000000000005fc0                strtol
 .text._vsnprintf_r
                0x0000000000005fde       0x60 s:/app/mounriver/mounriver_studio/toolchain/risc-v embedded gcc/bin/../lib/gcc/riscv-none-embed/8.2.0/../../../../riscv-none-embed/lib/rv32imafc/ilp32f\libg_nano.a(lib_a-vsnprintf.o)
                0x0000000000005fde                _vsniprintf_r
                0x0000000000005fde                _vsnprintf_r
 .text.vsnprintf
                0x000000000000603e       0x12 s:/app/mounriver/mounriver_studio/toolchain/risc-v embedded gcc/bin/../lib/gcc/riscv-none-embed/8.2.0/../../../../riscv-none-embed/lib/rv32imafc/ilp32f\libg_nano.a(lib_a-vsnprintf.o)
                0x000000000000603e                vsniprintf
                0x000000000000603e                vsnprintf
 .text.quorem   0x0000000000006050      0x13a s:/app/mounriver/mounriver_studio/toolchain/risc-v embedded gcc/bin/../lib/gcc/riscv-none-embed/8.2.0/../../../../riscv-none-embed/lib/rv32imafc/ilp32f\libg_nano.a(lib_a-dtoa.o)
 .text._dtoa_r  0x000000000000618a      0xc04 s:/app/mounriver/mounriver_studio/toolchain/risc-v embedded gcc/bin/../lib/gcc/riscv-none-embed/8.2.0/../../../../riscv-none-embed/lib/rv32imafc/ilp32f\libg_nano.a(lib_a-dtoa.o)
                0x000000000000618a                _dtoa_r
 .text.rshift   0x0000000000006d8e       0x76 s:/app/mounriver/mounriver_studio/toolchain/risc-v embedded gcc/bin/../lib/gcc/riscv-none-embed/8.2.0/../../../../riscv-none-embed/lib/rv32imafc/ilp32f\libg_nano.a(lib_a-gdtoa-gethex.o)
 .text.__hexdig_fun
                0x0000000000006e04       0x40 s:/app/mounriver/mounriver_studio/toolchain/risc-v embedded gcc/bin/../lib/gcc/riscv-none-embed/8.2.0/../../../../riscv-none-embed/lib/rv32imafc/ilp32f\libg_nano.a(lib_a-gdtoa-gethex.o)
                0x0000000000006e04                __hexdig_fun
 .text.__gethex
                0x0000000000006e44      0x4cc s:/app/mounriver/mounriver_studio/toolchain/risc-v embedded gcc/bin/../lib/gcc/riscv-none-embed/8.2.0/../../../../riscv-none-embed/lib/rv32imafc/ilp32f\libg_nano.a(lib_a-gdtoa-gethex.o)
                0x0000000000006e44                __gethex
 .text.L_shift  0x0000000000007310       0x2c s:/app/mounriver/mounriver_studio/toolchain/risc-v embedded gcc/bin/../lib/gcc/riscv-none-embed/8.2.0/../../../../riscv-none-embed/lib/rv32imafc/ilp32f\libg_nano.a(lib_a-gdtoa-hexnan.o)
 .text.__match  0x000000000000733c       0x30 s:/app/mounriver/mounriver_studio/toolchain/risc-v embedded gcc/bin/../lib/gcc/riscv-none-embed/8.2.0/../../../../riscv-none-embed/lib/rv32imafc/ilp32f\libg_nano.a(lib_a-gdtoa-hexnan.o)
                0x000000000000733c                __match
 .text.__hexnan
                0x000000000000736c      0x160 s:/app/mounriver/mounriver_studio/toolchain/risc-v embedded gcc/bin/../lib/gcc/riscv-none-embed/8.2.0/../../../../riscv-none-embed/lib/rv32imafc/ilp32f\libg_nano.a(lib_a-gdtoa-hexnan.o)
                0x000000000000736c                __hexnan
 .text.__locale_ctype_ptr_l
                0x00000000000074cc        0x6 s:/app/mounriver/mounriver_studio/toolchain/risc-v embedded gcc/bin/../lib/gcc/riscv-none-embed/8.2.0/../../../../riscv-none-embed/lib/rv32imafc/ilp32f\libg_nano.a(lib_a-locale.o)
                0x00000000000074cc                __locale_ctype_ptr_l
 .text.__localeconv_l
                0x00000000000074d2        0x6 s:/app/mounriver/mounriver_studio/toolchain/risc-v embedded gcc/bin/../lib/gcc/riscv-none-embed/8.2.0/../../../../riscv-none-embed/lib/rv32imafc/ilp32f\libg_nano.a(lib_a-localeconv.o)
                0x00000000000074d2                __localeconv_l
 .text._localeconv_r
                0x00000000000074d8       0x18 s:/app/mounriver/mounriver_studio/toolchain/risc-v embedded gcc/bin/../lib/gcc/riscv-none-embed/8.2.0/../../../../riscv-none-embed/lib/rv32imafc/ilp32f\libg_nano.a(lib_a-localeconv.o)
                0x00000000000074d8                _localeconv_r
 .text.malloc   0x00000000000074f0        0xc s:/app/mounriver/mounriver_studio/toolchain/risc-v embedded gcc/bin/../lib/gcc/riscv-none-embed/8.2.0/../../../../riscv-none-embed/lib/rv32imafc/ilp32f\libg_nano.a(lib_a-malloc.o)
                0x00000000000074f0                malloc
 .text.__ascii_mbtowc
                0x00000000000074fc       0x3a s:/app/mounriver/mounriver_studio/toolchain/risc-v embedded gcc/bin/../lib/gcc/riscv-none-embed/8.2.0/../../../../riscv-none-embed/lib/rv32imafc/ilp32f\libg_nano.a(lib_a-mbtowc_r.o)
                0x00000000000074fc                __ascii_mbtowc
 .text.memchr   0x0000000000007536       0x1a s:/app/mounriver/mounriver_studio/toolchain/risc-v embedded gcc/bin/../lib/gcc/riscv-none-embed/8.2.0/../../../../riscv-none-embed/lib/rv32imafc/ilp32f\libg_nano.a(lib_a-memchr.o)
                0x0000000000007536                memchr
 .text._Balloc  0x0000000000007550       0x8c s:/app/mounriver/mounriver_studio/toolchain/risc-v embedded gcc/bin/../lib/gcc/riscv-none-embed/8.2.0/../../../../riscv-none-embed/lib/rv32imafc/ilp32f\libg_nano.a(lib_a-mprec.o)
                0x0000000000007550                _Balloc
 .text._Bfree   0x00000000000075dc       0x44 s:/app/mounriver/mounriver_studio/toolchain/risc-v embedded gcc/bin/../lib/gcc/riscv-none-embed/8.2.0/../../../../riscv-none-embed/lib/rv32imafc/ilp32f\libg_nano.a(lib_a-mprec.o)
                0x00000000000075dc                _Bfree
 .text.__multadd
                0x0000000000007620       0x98 s:/app/mounriver/mounriver_studio/toolchain/risc-v embedded gcc/bin/../lib/gcc/riscv-none-embed/8.2.0/../../../../riscv-none-embed/lib/rv32imafc/ilp32f\libg_nano.a(lib_a-mprec.o)
                0x0000000000007620                __multadd
 .text.__s2b    0x00000000000076b8       0xa6 s:/app/mounriver/mounriver_studio/toolchain/risc-v embedded gcc/bin/../lib/gcc/riscv-none-embed/8.2.0/../../../../riscv-none-embed/lib/rv32imafc/ilp32f\libg_nano.a(lib_a-mprec.o)
                0x00000000000076b8                __s2b
 .text.__hi0bits
                0x000000000000775e       0x46 s:/app/mounriver/mounriver_studio/toolchain/risc-v embedded gcc/bin/../lib/gcc/riscv-none-embed/8.2.0/../../../../riscv-none-embed/lib/rv32imafc/ilp32f\libg_nano.a(lib_a-mprec.o)
                0x000000000000775e                __hi0bits
 .text.__lo0bits
                0x00000000000077a4       0x6a s:/app/mounriver/mounriver_studio/toolchain/risc-v embedded gcc/bin/../lib/gcc/riscv-none-embed/8.2.0/../../../../riscv-none-embed/lib/rv32imafc/ilp32f\libg_nano.a(lib_a-mprec.o)
                0x00000000000077a4                __lo0bits
 .text.__i2b    0x000000000000780e       0x1c s:/app/mounriver/mounriver_studio/toolchain/risc-v embedded gcc/bin/../lib/gcc/riscv-none-embed/8.2.0/../../../../riscv-none-embed/lib/rv32imafc/ilp32f\libg_nano.a(lib_a-mprec.o)
                0x000000000000780e                __i2b
 .text.__multiply
                0x000000000000782a      0x144 s:/app/mounriver/mounriver_studio/toolchain/risc-v embedded gcc/bin/../lib/gcc/riscv-none-embed/8.2.0/../../../../riscv-none-embed/lib/rv32imafc/ilp32f\libg_nano.a(lib_a-mprec.o)
                0x000000000000782a                __multiply
 .text.__pow5mult
                0x000000000000796e       0xbe s:/app/mounriver/mounriver_studio/toolchain/risc-v embedded gcc/bin/../lib/gcc/riscv-none-embed/8.2.0/../../../../riscv-none-embed/lib/rv32imafc/ilp32f\libg_nano.a(lib_a-mprec.o)
                0x000000000000796e                __pow5mult
 .text.__lshift
                0x0000000000007a2c       0xce s:/app/mounriver/mounriver_studio/toolchain/risc-v embedded gcc/bin/../lib/gcc/riscv-none-embed/8.2.0/../../../../riscv-none-embed/lib/rv32imafc/ilp32f\libg_nano.a(lib_a-mprec.o)
                0x0000000000007a2c                __lshift
 .text.__mcmp   0x0000000000007afa       0x32 s:/app/mounriver/mounriver_studio/toolchain/risc-v embedded gcc/bin/../lib/gcc/riscv-none-embed/8.2.0/../../../../riscv-none-embed/lib/rv32imafc/ilp32f\libg_nano.a(lib_a-mprec.o)
                0x0000000000007afa                __mcmp
 .text.__mdiff  0x0000000000007b2c       0xf2 s:/app/mounriver/mounriver_studio/toolchain/risc-v embedded gcc/bin/../lib/gcc/riscv-none-embed/8.2.0/../../../../riscv-none-embed/lib/rv32imafc/ilp32f\libg_nano.a(lib_a-mprec.o)
                0x0000000000007b2c                __mdiff
 .text.__ulp    0x0000000000007c1e       0x46 s:/app/mounriver/mounriver_studio/toolchain/risc-v embedded gcc/bin/../lib/gcc/riscv-none-embed/8.2.0/../../../../riscv-none-embed/lib/rv32imafc/ilp32f\libg_nano.a(lib_a-mprec.o)
                0x0000000000007c1e                __ulp
 .text.__b2d    0x0000000000007c64       0xb4 s:/app/mounriver/mounriver_studio/toolchain/risc-v embedded gcc/bin/../lib/gcc/riscv-none-embed/8.2.0/../../../../riscv-none-embed/lib/rv32imafc/ilp32f\libg_nano.a(lib_a-mprec.o)
                0x0000000000007c64                __b2d
 .text.__d2b    0x0000000000007d18       0xd4 s:/app/mounriver/mounriver_studio/toolchain/risc-v embedded gcc/bin/../lib/gcc/riscv-none-embed/8.2.0/../../../../riscv-none-embed/lib/rv32imafc/ilp32f\libg_nano.a(lib_a-mprec.o)
                0x0000000000007d18                __d2b
 .text.__ratio  0x0000000000007dec       0x74 s:/app/mounriver/mounriver_studio/toolchain/risc-v embedded gcc/bin/../lib/gcc/riscv-none-embed/8.2.0/../../../../riscv-none-embed/lib/rv32imafc/ilp32f\libg_nano.a(lib_a-mprec.o)
                0x0000000000007dec                __ratio
 .text.__copybits
                0x0000000000007e60       0x36 s:/app/mounriver/mounriver_studio/toolchain/risc-v embedded gcc/bin/../lib/gcc/riscv-none-embed/8.2.0/../../../../riscv-none-embed/lib/rv32imafc/ilp32f\libg_nano.a(lib_a-mprec.o)
                0x0000000000007e60                __copybits
 .text.__any_on
                0x0000000000007e96       0x46 s:/app/mounriver/mounriver_studio/toolchain/risc-v embedded gcc/bin/../lib/gcc/riscv-none-embed/8.2.0/../../../../riscv-none-embed/lib/rv32imafc/ilp32f\libg_nano.a(lib_a-mprec.o)
                0x0000000000007e96                __any_on
 .text._calloc_r
                0x0000000000007edc       0x26 s:/app/mounriver/mounriver_studio/toolchain/risc-v embedded gcc/bin/../lib/gcc/riscv-none-embed/8.2.0/../../../../riscv-none-embed/lib/rv32imafc/ilp32f\libg_nano.a(lib_a-nano-callocr.o)
                0x0000000000007edc                _calloc_r
 .text._free_r  0x0000000000007f02       0xa4 s:/app/mounriver/mounriver_studio/toolchain/risc-v embedded gcc/bin/../lib/gcc/riscv-none-embed/8.2.0/../../../../riscv-none-embed/lib/rv32imafc/ilp32f\libg_nano.a(lib_a-nano-freer.o)
                0x0000000000007f02                _free_r
 .text._malloc_r
                0x0000000000007fa6       0xce s:/app/mounriver/mounriver_studio/toolchain/risc-v embedded gcc/bin/../lib/gcc/riscv-none-embed/8.2.0/../../../../riscv-none-embed/lib/rv32imafc/ilp32f\libg_nano.a(lib_a-nano-mallocr.o)
                0x0000000000007fa6                _malloc_r
 .text.__ssputs_r
                0x0000000000008074       0xea s:/app/mounriver/mounriver_studio/toolchain/risc-v embedded gcc/bin/../lib/gcc/riscv-none-embed/8.2.0/../../../../riscv-none-embed/lib/rv32imafc/ilp32f\libg_nano.a(lib_a-nano-svfprintf.o)
                0x0000000000008074                __ssputs_r
 .text._svfprintf_r
                0x000000000000815e      0x27e s:/app/mounriver/mounriver_studio/toolchain/risc-v embedded gcc/bin/../lib/gcc/riscv-none-embed/8.2.0/../../../../riscv-none-embed/lib/rv32imafc/ilp32f\libg_nano.a(lib_a-nano-svfprintf.o)
                0x000000000000815e                _svfiprintf_r
                0x000000000000815e                _svfprintf_r
 .text._sbrk_r  0x00000000000083dc       0x2a s:/app/mounriver/mounriver_studio/toolchain/risc-v embedded gcc/bin/../lib/gcc/riscv-none-embed/8.2.0/../../../../riscv-none-embed/lib/rv32imafc/ilp32f\libg_nano.a(lib_a-sbrkr.o)
                0x00000000000083dc                _sbrk_r
 .text.nanf     0x0000000000008406        0xa s:/app/mounriver/mounriver_studio/toolchain/risc-v embedded gcc/bin/../lib/gcc/riscv-none-embed/8.2.0/../../../../riscv-none-embed/lib/rv32imafc/ilp32f\libg_nano.a(lib_a-sf_nan.o)
                0x0000000000008406                nanf
 .text.strncmp  0x0000000000008410       0x2c s:/app/mounriver/mounriver_studio/toolchain/risc-v embedded gcc/bin/../lib/gcc/riscv-none-embed/8.2.0/../../../../riscv-none-embed/lib/rv32imafc/ilp32f\libg_nano.a(lib_a-strncmp.o)
                0x0000000000008410                strncmp
 .text.__ascii_wctomb
                0x000000000000843c       0x20 s:/app/mounriver/mounriver_studio/toolchain/risc-v embedded gcc/bin/../lib/gcc/riscv-none-embed/8.2.0/../../../../riscv-none-embed/lib/rv32imafc/ilp32f\libg_nano.a(lib_a-wctomb_r.o)
                0x000000000000843c                __ascii_wctomb
 .text.memmove  0x000000000000845c       0x4a s:/app/mounriver/mounriver_studio/toolchain/risc-v embedded gcc/bin/../lib/gcc/riscv-none-embed/8.2.0/../../../../riscv-none-embed/lib/rv32imafc/ilp32f\libg_nano.a(lib_a-memmove.o)
                0x000000000000845c                memmove
 .text.__malloc_lock
                0x00000000000084a6        0x2 s:/app/mounriver/mounriver_studio/toolchain/risc-v embedded gcc/bin/../lib/gcc/riscv-none-embed/8.2.0/../../../../riscv-none-embed/lib/rv32imafc/ilp32f\libg_nano.a(lib_a-mlock.o)
                0x00000000000084a6                __malloc_lock
 .text.__malloc_unlock
                0x00000000000084a8        0x2 s:/app/mounriver/mounriver_studio/toolchain/risc-v embedded gcc/bin/../lib/gcc/riscv-none-embed/8.2.0/../../../../riscv-none-embed/lib/rv32imafc/ilp32f\libg_nano.a(lib_a-mlock.o)
                0x00000000000084a8                __malloc_unlock
 .text._realloc_r
                0x00000000000084aa       0x58 s:/app/mounriver/mounriver_studio/toolchain/risc-v embedded gcc/bin/../lib/gcc/riscv-none-embed/8.2.0/../../../../riscv-none-embed/lib/rv32imafc/ilp32f\libg_nano.a(lib_a-nano-reallocr.o)
                0x00000000000084aa                _realloc_r
 .text._malloc_usable_size_r
                0x0000000000008502       0x14 s:/app/mounriver/mounriver_studio/toolchain/risc-v embedded gcc/bin/../lib/gcc/riscv-none-embed/8.2.0/../../../../riscv-none-embed/lib/rv32imafc/ilp32f\libg_nano.a(lib_a-nano-msizer.o)
                0x0000000000008502                _malloc_usable_size_r
 .text.__adddf3
                0x0000000000008516      0xa0e s:/app/mounriver/mounriver_studio/toolchain/risc-v embedded gcc/bin/../lib/gcc/riscv-none-embed/8.2.0/rv32imafc/ilp32f\libgcc.a(adddf3.o)
                0x0000000000008516                __adddf3
 .text.__divdf3
                0x0000000000008f24      0x7ea s:/app/mounriver/mounriver_studio/toolchain/risc-v embedded gcc/bin/../lib/gcc/riscv-none-embed/8.2.0/rv32imafc/ilp32f\libgcc.a(divdf3.o)
                0x0000000000008f24                __divdf3
 .text.__eqdf2  0x000000000000970e       0x98 s:/app/mounriver/mounriver_studio/toolchain/risc-v embedded gcc/bin/../lib/gcc/riscv-none-embed/8.2.0/rv32imafc/ilp32f\libgcc.a(eqdf2.o)
                0x000000000000970e                __nedf2
                0x000000000000970e                __eqdf2
 .text.__gedf2  0x00000000000097a6       0xb6 s:/app/mounriver/mounriver_studio/toolchain/risc-v embedded gcc/bin/../lib/gcc/riscv-none-embed/8.2.0/rv32imafc/ilp32f\libgcc.a(gedf2.o)
                0x00000000000097a6                __gedf2
                0x00000000000097a6                __gtdf2
 .text.__ledf2  0x000000000000985c       0xb6 s:/app/mounriver/mounriver_studio/toolchain/risc-v embedded gcc/bin/../lib/gcc/riscv-none-embed/8.2.0/rv32imafc/ilp32f\libgcc.a(ledf2.o)
                0x000000000000985c                __ledf2
                0x000000000000985c                __ltdf2
 .text.__muldf3
                0x0000000000009912      0x656 s:/app/mounriver/mounriver_studio/toolchain/risc-v embedded gcc/bin/../lib/gcc/riscv-none-embed/8.2.0/rv32imafc/ilp32f\libgcc.a(muldf3.o)
                0x0000000000009912                __muldf3
 .text.__subdf3
                0x0000000000009f68      0xa8c s:/app/mounriver/mounriver_studio/toolchain/risc-v embedded gcc/bin/../lib/gcc/riscv-none-embed/8.2.0/rv32imafc/ilp32f\libgcc.a(subdf3.o)
                0x0000000000009f68                __subdf3
 .text.__unorddf2
                0x000000000000a9f4       0x7c s:/app/mounriver/mounriver_studio/toolchain/risc-v embedded gcc/bin/../lib/gcc/riscv-none-embed/8.2.0/rv32imafc/ilp32f\libgcc.a(unorddf2.o)
                0x000000000000a9f4                __unorddf2
 .text.__fixdfsi
                0x000000000000aa70       0xd8 s:/app/mounriver/mounriver_studio/toolchain/risc-v embedded gcc/bin/../lib/gcc/riscv-none-embed/8.2.0/rv32imafc/ilp32f\libgcc.a(fixdfsi.o)
                0x000000000000aa70                __fixdfsi
 .text.__fixunsdfsi
                0x000000000000ab48       0x9e s:/app/mounriver/mounriver_studio/toolchain/risc-v embedded gcc/bin/../lib/gcc/riscv-none-embed/8.2.0/rv32imafc/ilp32f\libgcc.a(fixunsdfsi.o)
                0x000000000000ab48                __fixunsdfsi
 .text.__floatsidf
                0x000000000000abe6       0x72 s:/app/mounriver/mounriver_studio/toolchain/risc-v embedded gcc/bin/../lib/gcc/riscv-none-embed/8.2.0/rv32imafc/ilp32f\libgcc.a(floatsidf.o)
                0x000000000000abe6                __floatsidf
 .text.__floatunsidf
                0x000000000000ac58       0x68 s:/app/mounriver/mounriver_studio/toolchain/risc-v embedded gcc/bin/../lib/gcc/riscv-none-embed/8.2.0/rv32imafc/ilp32f\libgcc.a(floatunsidf.o)
                0x000000000000ac58                __floatunsidf
 .text.__truncdfsf2
                0x000000000000acc0      0x31e s:/app/mounriver/mounriver_studio/toolchain/risc-v embedded gcc/bin/../lib/gcc/riscv-none-embed/8.2.0/rv32imafc/ilp32f\libgcc.a(truncdfsf2.o)
                0x000000000000acc0                __truncdfsf2
 .text.__trunctfdf2
                0x000000000000afde      0x3d0 s:/app/mounriver/mounriver_studio/toolchain/risc-v embedded gcc/bin/../lib/gcc/riscv-none-embed/8.2.0/rv32imafc/ilp32f\libgcc.a(trunctfdf2.o)
                0x000000000000afde                __trunctfdf2
 .text._sbrk    0x000000000000b3ae       0x20 s:/app/mounriver/mounriver_studio/toolchain/risc-v embedded gcc/bin/../lib/gcc/riscv-none-embed/8.2.0/../../../../riscv-none-embed/lib/rv32imafc/ilp32f\libnosys.a(sbrk.o)
                0x000000000000b3ae                _sbrk
 *(.rodata)
 *(.rodata*)
 *fill*         0x000000000000b3ce        0x2 
 .rodata.main.cst4
                0x000000000000b3d0       0x38 ./User/main.o
 .rodata.main.str1.4
                0x000000000000b408       0x26 ./User/main.o
                                         0x2c (size before relaxing)
 *fill*         0x000000000000b42e        0x2 
 .rodata.adc_boot.cst4
                0x000000000000b430        0x8 ./QueFOC_dev/adc_sensor.o
 .rodata.adc_sensor_init.cst4
                0x000000000000b438        0x4 ./QueFOC_dev/adc_sensor.o
                                          0xc (size before relaxing)
 .rodata.cmder_cmd_error.str1.4
                0x000000000000b43c       0x17 ./QueFOC_dev/comm.o
 *fill*         0x000000000000b453        0x1 
 .rodata.cmder_report_error.str1.4
                0x000000000000b454       0x14 ./QueFOC_dev/comm.o
 .rodata.interrupt_receive_one_char.cst4
                0x000000000000b468       0x10 ./QueFOC_dev/comm.o
                                         0x14 (size before relaxing)
 .rodata.interrupt_receive_one_char.str1.4
                0x000000000000b478       0xea ./QueFOC_dev/comm.o
                                         0xee (size before relaxing)
 *fill*         0x000000000000b562        0x2 
 .rodata.encoder_init.cst4
                0x000000000000b564        0x8 ./QueFOC_dev/encoder.o
                                          0xc (size before relaxing)
 .rodata.encoder_update.cst4
                0x000000000000b56c        0xc ./QueFOC_dev/encoder.o
                                         0x10 (size before relaxing)
 .rodata.fast_sin.cst4
                0x000000000000b578        0xc ./QueFOC_dev/fast_math.o
                                         0x14 (size before relaxing)
 .rodata.fast_sqrt.cst4
                0x000000000000b584        0x4 ./QueFOC_dev/fast_math.o
 .rodata.sin_table
                0x000000000000b584      0xfa4 ./QueFOC_dev/fast_math.o
                0x000000000000b584                sin_table
 .rodata.clarke_transform.cst4
                0x000000000000c528        0x4 ./QueFOC_dev/foc.o
 .rodata.foc_current_control.cst4
                0x000000000000c52c        0x4 ./QueFOC_dev/foc.o
 .rodata.foc_d_q_vec_control.cst4
                0x000000000000c530        0x8 ./QueFOC_dev/foc.o
 .rodata.foc_modulation_svm.cst4
                0x000000000000c538        0xc ./QueFOC_dev/foc.o
                                         0x14 (size before relaxing)
 .rodata.foc_voltage_control.cst4
                0x000000000000c544        0x8 ./QueFOC_dev/foc.o
 .rodata.motor_loop_error
                0x000000000000c54c       0x18 ./QueFOC_dev/motor.o
 .rodata.motor_loop_calibration
                0x000000000000c564       0x40 ./QueFOC_dev/motor.o
 .rodata.motor_init.cst4
                0x000000000000c5a4        0x4 ./QueFOC_dev/motor.o
 .rodata.motor_loop_calibration.cst4
                0x000000000000c5a8        0x8 ./QueFOC_dev/motor.o
                                         0x20 (size before relaxing)
 .rodata.motor_loop_calibration.str1.4
                0x000000000000c5b0      0x15c ./QueFOC_dev/motor.o
 .rodata.motor_loop_error.str1.4
                0x000000000000c70c       0xbe ./QueFOC_dev/motor.o
 .rodata.motor_loop_main.cst4
                0x000000000000c7ca        0x4 ./QueFOC_dev/motor.o
 *fill*         0x000000000000c7ca        0x2 
 .rodata.motor_loop_run.cst4
                0x000000000000c7cc        0x4 ./QueFOC_dev/motor.o
                                          0x8 (size before relaxing)
 .rodata.OTG_FS_IRQHandler
                0x000000000000c7d0       0x30 ./Peripheral/src/ch32v30x_usbotg_device.o
 .rodata.MyCfgDescrHD
                0x000000000000c800       0x43 ./Peripheral/src/ch32v30x_usbotg_device.o
                0x000000000000c800                MyCfgDescrHD
 *fill*         0x000000000000c843        0x1 
 .rodata.MyDevDescrHD
                0x000000000000c844       0x12 ./Peripheral/src/ch32v30x_usbotg_device.o
                0x000000000000c844                MyDevDescrHD
 *fill*         0x000000000000c856        0x2 
 .rodata.MyManuInfoHD
                0x000000000000c858        0xe ./Peripheral/src/ch32v30x_usbotg_device.o
                0x000000000000c858                MyManuInfoHD
 *fill*         0x000000000000c866        0x2 
 .rodata.MyProdInfoHD
                0x000000000000c868        0xc ./Peripheral/src/ch32v30x_usbotg_device.o
                0x000000000000c868                MyProdInfoHD
 .rodata.MyReportDescHD
                0x000000000000c874       0x14 ./Peripheral/src/ch32v30x_usbotg_device.o
                0x000000000000c874                MyReportDescHD
 .rodata.MySerNumInfoHD
                0x000000000000c888       0x16 ./Peripheral/src/ch32v30x_usbotg_device.o
                0x000000000000c888                MySerNumInfoHD
 *fill*         0x000000000000c89e        0x2 
 .rodata.MyUSBQUADescHD
                0x000000000000c8a0        0xa ./Peripheral/src/ch32v30x_usbotg_device.o
                0x000000000000c8a0                MyUSBQUADescHD
 .rodata.hardware_pwm_boot.cst4
                0x000000000000c8aa        0x4 ./Hardware/timer.o
 *fill*         0x000000000000c8aa        0x2 
 .rodata.__clz_tab
                0x000000000000c8ac      0x100 s:/app/mounriver/mounriver_studio/toolchain/risc-v embedded gcc/bin/../lib/gcc/riscv-none-embed/8.2.0/rv32imafc/ilp32f\libgcc.a(_clz.o)
                0x000000000000c8ac                __clz_tab
 *fill*         0x000000000000c9ac        0x4 
 .rodata._printf_float.cst8
                0x000000000000c9b0        0x8 s:/app/mounriver/mounriver_studio/toolchain/risc-v embedded gcc/bin/../lib/gcc/riscv-none-embed/8.2.0/../../../../riscv-none-embed/lib/rv32imafc/ilp32f\libg_nano.a(lib_a-nano-vfprintf_float.o)
 .rodata._printf_float.str1.4
                0x000000000000c9b8       0x12 s:/app/mounriver/mounriver_studio/toolchain/risc-v embedded gcc/bin/../lib/gcc/riscv-none-embed/8.2.0/../../../../riscv-none-embed/lib/rv32imafc/ilp32f\libg_nano.a(lib_a-nano-vfprintf_float.o)
 *fill*         0x000000000000c9ca        0x2 
 .rodata._printf_i.str1.4
                0x000000000000c9cc       0x25 s:/app/mounriver/mounriver_studio/toolchain/risc-v embedded gcc/bin/../lib/gcc/riscv-none-embed/8.2.0/../../../../riscv-none-embed/lib/rv32imafc/ilp32f\libg_nano.a(lib_a-nano-vfprintf_i.o)
 *fill*         0x000000000000c9f1        0x3 
 .rodata._strtod_l
                0x000000000000c9f4       0x14 s:/app/mounriver/mounriver_studio/toolchain/risc-v embedded gcc/bin/../lib/gcc/riscv-none-embed/8.2.0/../../../../riscv-none-embed/lib/rv32imafc/ilp32f\libg_nano.a(lib_a-strtod.o)
 .rodata._strtod_l.cst8
                0x000000000000ca08       0x38 s:/app/mounriver/mounriver_studio/toolchain/risc-v embedded gcc/bin/../lib/gcc/riscv-none-embed/8.2.0/../../../../riscv-none-embed/lib/rv32imafc/ilp32f\libg_nano.a(lib_a-strtod.o)
 .rodata._strtod_l.str1.4
                0x000000000000ca40        0xf s:/app/mounriver/mounriver_studio/toolchain/risc-v embedded gcc/bin/../lib/gcc/riscv-none-embed/8.2.0/../../../../riscv-none-embed/lib/rv32imafc/ilp32f\libg_nano.a(lib_a-strtod.o)
 *fill*         0x000000000000ca4f        0x1 
 .rodata.fpi.3397
                0x000000000000ca50       0x14 s:/app/mounriver/mounriver_studio/toolchain/risc-v embedded gcc/bin/../lib/gcc/riscv-none-embed/8.2.0/../../../../riscv-none-embed/lib/rv32imafc/ilp32f\libg_nano.a(lib_a-strtod.o)
 .rodata.fpinan.3433
                0x000000000000ca64       0x14 s:/app/mounriver/mounriver_studio/toolchain/risc-v embedded gcc/bin/../lib/gcc/riscv-none-embed/8.2.0/../../../../riscv-none-embed/lib/rv32imafc/ilp32f\libg_nano.a(lib_a-strtod.o)
 .rodata.strtof_l.cst4
                0x000000000000ca78        0x4 s:/app/mounriver/mounriver_studio/toolchain/risc-v embedded gcc/bin/../lib/gcc/riscv-none-embed/8.2.0/../../../../riscv-none-embed/lib/rv32imafc/ilp32f\libg_nano.a(lib_a-strtod.o)
 .rodata.strtof_l.cst8
                0x000000000000ca7c        0x8 s:/app/mounriver/mounriver_studio/toolchain/risc-v embedded gcc/bin/../lib/gcc/riscv-none-embed/8.2.0/../../../../riscv-none-embed/lib/rv32imafc/ilp32f\libg_nano.a(lib_a-strtod.o)
 *fill*         0x000000000000ca7c        0x4 
 .rodata.tinytens
                0x000000000000ca80       0x28 s:/app/mounriver/mounriver_studio/toolchain/risc-v embedded gcc/bin/../lib/gcc/riscv-none-embed/8.2.0/../../../../riscv-none-embed/lib/rv32imafc/ilp32f\libg_nano.a(lib_a-strtod.o)
 .rodata._dtoa_r.cst8
                0x000000000000caa8       0x38 s:/app/mounriver/mounriver_studio/toolchain/risc-v embedded gcc/bin/../lib/gcc/riscv-none-embed/8.2.0/../../../../riscv-none-embed/lib/rv32imafc/ilp32f\libg_nano.a(lib_a-dtoa.o)
                                         0x48 (size before relaxing)
 .rodata._dtoa_r.str1.4
                0x000000000000cae0       0x10 s:/app/mounriver/mounriver_studio/toolchain/risc-v embedded gcc/bin/../lib/gcc/riscv-none-embed/8.2.0/../../../../riscv-none-embed/lib/rv32imafc/ilp32f\libg_nano.a(lib_a-dtoa.o)
                                         0x12 (size before relaxing)
 .rodata._setlocale_r.str1.4
                0x000000000000caf0        0xa s:/app/mounriver/mounriver_studio/toolchain/risc-v embedded gcc/bin/../lib/gcc/riscv-none-embed/8.2.0/../../../../riscv-none-embed/lib/rv32imafc/ilp32f\libg_nano.a(lib_a-locale.o)
                                          0xd (size before relaxing)
 *fill*         0x000000000000cafa        0x2 
 .rodata.str1.4
                0x000000000000cafc        0x2 s:/app/mounriver/mounriver_studio/toolchain/risc-v embedded gcc/bin/../lib/gcc/riscv-none-embed/8.2.0/../../../../riscv-none-embed/lib/rv32imafc/ilp32f\libg_nano.a(lib_a-locale.o)
 *fill*         0x000000000000cafe        0x2 
 .rodata.__mprec_bigtens
                0x000000000000cb00       0x28 s:/app/mounriver/mounriver_studio/toolchain/risc-v embedded gcc/bin/../lib/gcc/riscv-none-embed/8.2.0/../../../../riscv-none-embed/lib/rv32imafc/ilp32f\libg_nano.a(lib_a-mprec.o)
                0x000000000000cb00                __mprec_bigtens
 .rodata.__mprec_tens
                0x000000000000cb28       0xc8 s:/app/mounriver/mounriver_studio/toolchain/risc-v embedded gcc/bin/../lib/gcc/riscv-none-embed/8.2.0/../../../../riscv-none-embed/lib/rv32imafc/ilp32f\libg_nano.a(lib_a-mprec.o)
                0x000000000000cb28                __mprec_tens
 .rodata.p05.3321
                0x000000000000cbf0        0xc s:/app/mounriver/mounriver_studio/toolchain/risc-v embedded gcc/bin/../lib/gcc/riscv-none-embed/8.2.0/../../../../riscv-none-embed/lib/rv32imafc/ilp32f\libg_nano.a(lib_a-mprec.o)
 .rodata._svfprintf_r.str1.4
                0x000000000000cbfc       0x14 s:/app/mounriver/mounriver_studio/toolchain/risc-v embedded gcc/bin/../lib/gcc/riscv-none-embed/8.2.0/../../../../riscv-none-embed/lib/rv32imafc/ilp32f\libg_nano.a(lib_a-nano-svfprintf.o)
                                         0x13 (size before relaxing)
 .rodata.nanf.cst4
                0x000000000000cc10        0x4 s:/app/mounriver/mounriver_studio/toolchain/risc-v embedded gcc/bin/../lib/gcc/riscv-none-embed/8.2.0/../../../../riscv-none-embed/lib/rv32imafc/ilp32f\libg_nano.a(lib_a-sf_nan.o)
 .rodata._ctype_
                0x000000000000cc14      0x101 s:/app/mounriver/mounriver_studio/toolchain/risc-v embedded gcc/bin/../lib/gcc/riscv-none-embed/8.2.0/../../../../riscv-none-embed/lib/rv32imafc/ilp32f\libg_nano.a(lib_a-ctype_.o)
                0x000000000000cc14                _ctype_
 *fill*         0x000000000000cd15        0x3 
 .rodata.__divdf3
                0x000000000000cd18       0x40 s:/app/mounriver/mounriver_studio/toolchain/risc-v embedded gcc/bin/../lib/gcc/riscv-none-embed/8.2.0/rv32imafc/ilp32f\libgcc.a(divdf3.o)
 .rodata.__muldf3
                0x000000000000cd58       0x40 s:/app/mounriver/mounriver_studio/toolchain/risc-v embedded gcc/bin/../lib/gcc/riscv-none-embed/8.2.0/rv32imafc/ilp32f\libgcc.a(muldf3.o)
 *(.gnu.linkonce.t.*)
                0x000000000000cd98                . = ALIGN (0x4)

.rela.dyn       0x000000000000cd98        0x0
 .rela.init     0x000000000000cd98        0x0 ./User/ch32v30x_it.o
 .rela.vector   0x000000000000cd98        0x0 ./User/ch32v30x_it.o
 .rela.text.handle_reset
                0x000000000000cd98        0x0 ./User/ch32v30x_it.o
 .rela.data.impure_data
                0x000000000000cd98        0x0 ./User/ch32v30x_it.o
 .rela.text._svfprintf_r
                0x000000000000cd98        0x0 ./User/ch32v30x_it.o
 .rela.text._sbrk_r
                0x000000000000cd98        0x0 ./User/ch32v30x_it.o
 .rela.text._sbrk
                0x000000000000cd98        0x0 ./User/ch32v30x_it.o

.fini           0x000000000000cd98        0x0
 *(SORT_NONE(.fini))
                0x000000000000cd98                . = ALIGN (0x4)
                [!provide]                        PROVIDE (_etext = .)
                [!provide]                        PROVIDE (_eitcm = .)

.preinit_array  0x000000000000cd98        0x0
                [!provide]                        PROVIDE (__preinit_array_start = .)
 *(.preinit_array)
                [!provide]                        PROVIDE (__preinit_array_end = .)

.init_array     0x000000000000cd98        0x0
                [!provide]                        PROVIDE (__init_array_start = .)
 *(SORT_BY_INIT_PRIORITY(.init_array.*) SORT_BY_INIT_PRIORITY(.ctors.*))
 *(.init_array EXCLUDE_FILE(*crtend?.o *crtend.o *crtbegin?.o *crtbegin.o) .ctors)
                [!provide]                        PROVIDE (__init_array_end = .)

.fini_array     0x000000000000cd98        0x0
                [!provide]                        PROVIDE (__fini_array_start = .)
 *(SORT_BY_INIT_PRIORITY(.fini_array.*) SORT_BY_INIT_PRIORITY(.dtors.*))
 *(.fini_array EXCLUDE_FILE(*crtend?.o *crtend.o *crtbegin?.o *crtbegin.o) .dtors)
                [!provide]                        PROVIDE (__fini_array_end = .)

.ctors
 *crtbegin.o(.ctors)
 *crtbegin?.o(.ctors)
 *(EXCLUDE_FILE(*crtend?.o *crtend.o) .ctors)
 *(SORT_BY_NAME(.ctors.*))
 *(.ctors)

.dtors
 *crtbegin.o(.dtors)
 *crtbegin?.o(.dtors)
 *(EXCLUDE_FILE(*crtend?.o *crtend.o) .dtors)
 *(SORT_BY_NAME(.dtors.*))
 *(.dtors)

.dalign         0x0000000020000000        0x0 load address 0x000000000000cd98
                0x0000000020000000                . = ALIGN (0x4)
                0x0000000020000000                PROVIDE (_data_vma = .)

.dlalign        0x000000000000cd98        0x0
                0x000000000000cd98                . = ALIGN (0x4)
                0x000000000000cd98                PROVIDE (_data_lma = .)

.data           0x0000000020000000      0x240 load address 0x000000000000cd98
 *(.gnu.linkonce.r.*)
 *(.data .data.*)
 .data.APBAHBPrescTable
                0x0000000020000000       0x10 ./Peripheral/src/ch32v30x_rcc.o
 .data.TAB_USB_FS_OSC_DESC
                0x0000000020000010       0x43 ./Peripheral/src/ch32v30x_usbotg_device.o
                0x0000000020000010                TAB_USB_FS_OSC_DESC
 *fill*         0x0000000020000053        0x1 
 .data.impure_data
                0x0000000020000054       0x60 s:/app/mounriver/mounriver_studio/toolchain/risc-v embedded gcc/bin/../lib/gcc/riscv-none-embed/8.2.0/../../../../riscv-none-embed/lib/rv32imafc/ilp32f\libg_nano.a(lib_a-impure.o)
 .data.__global_locale
                0x00000000200000b4      0x16c s:/app/mounriver/mounriver_studio/toolchain/risc-v embedded gcc/bin/../lib/gcc/riscv-none-embed/8.2.0/../../../../riscv-none-embed/lib/rv32imafc/ilp32f\libg_nano.a(lib_a-locale.o)
                0x00000000200000b4                __global_locale
 *(.gnu.linkonce.d.*)
                0x0000000020000220                . = ALIGN (0x8)
                0x0000000020000a20                PROVIDE (__global_pointer$ = (. + 0x800))
 *(.sdata .sdata.*)
 .sdata.SystemCoreClock
                0x0000000020000220        0x4 ./User/system_ch32v30x.o
                0x0000000020000220                SystemCoreClock
 .sdata.debug_id_set
                0x0000000020000224        0x4 ./QueFOC_dev/comm.o
                0x0000000020000224                debug_id_set
 .sdata.ADCPrescTable
                0x0000000020000228        0x4 ./Peripheral/src/ch32v30x_rcc.o
 .sdata.LineCoding
                0x000000002000022c        0x7 ./Peripheral/src/ch32v30x_usbotg_device.o
                0x000000002000022c                LineCoding
 .sdata.USBHD_Dev_Speed
                0x0000000020000233        0x1 ./Peripheral/src/ch32v30x_usbotg_device.o
                0x0000000020000233                USBHD_Dev_Speed
 .sdata.data_index.4263
                0x0000000020000234        0x1 ./Hardware/usart.o
 *fill*         0x0000000020000235        0x3 
 .sdata._impure_ptr
                0x0000000020000238        0x4 s:/app/mounriver/mounriver_studio/toolchain/risc-v embedded gcc/bin/../lib/gcc/riscv-none-embed/8.2.0/../../../../riscv-none-embed/lib/rv32imafc/ilp32f\libg_nano.a(lib_a-impure.o)
                0x0000000020000238                _impure_ptr
 *(.sdata2.*)
 .sdata2.MyLangDescrHD
                0x000000002000023c        0x4 ./Peripheral/src/ch32v30x_usbotg_device.o
                0x000000002000023c                MyLangDescrHD
 *(.gnu.linkonce.s.*)
                0x0000000020000240                . = ALIGN (0x8)
 *(.srodata.cst16)
 *(.srodata.cst8)
 *(.srodata.cst4)
 *(.srodata.cst2)
 *(.srodata .srodata.*)
                0x0000000020000240                . = ALIGN (0x4)
                0x0000000020000240                PROVIDE (_edata = .)

.bss            0x0000000020000240      0x358 load address 0x000000000000cfd8
                0x0000000020000240                . = ALIGN (0x4)
                0x0000000020000240                PROVIDE (_sbss = .)
 *(.sbss*)
 .sbss.blocked.3798
                0x0000000020000240        0x4 ./QueFOC_dev/comm.o
 .sbss.cur_phase.2463
                0x0000000020000244        0x4 ./QueFOC_dev/motor.o
 .sbss.step_loop_cnt.2457
                0x0000000020000248        0x4 ./QueFOC_dev/motor.o
 .sbss.NVIC_Priority_Group
                0x000000002000024c        0x4 ./Peripheral/src/ch32v30x_misc.o
                0x000000002000024c                NVIC_Priority_Group
 .sbss.DevConfig
                0x0000000020000250        0x1 ./Peripheral/src/ch32v30x_usbotg_device.o
                0x0000000020000250                DevConfig
 *fill*         0x0000000020000251        0x3 
 .sbss.EP0_DatabufHD
                0x0000000020000254        0x8 ./Peripheral/src/ch32v30x_usbotg_device.o
                0x0000000020000254                EP0_DatabufHD
 .sbss.SetupReqCode
                0x000000002000025c        0x1 ./Peripheral/src/ch32v30x_usbotg_device.o
                0x000000002000025c                SetupReqCode
 *fill*         0x000000002000025d        0x1 
 .sbss.SetupReqLen
                0x000000002000025e        0x2 ./Peripheral/src/ch32v30x_usbotg_device.o
                0x000000002000025e                SetupReqLen
 .sbss.USBHD_Dev_SetupReqLen
                0x0000000020000260        0x2 ./Peripheral/src/ch32v30x_usbotg_device.o
                0x0000000020000260                USBHD_Dev_SetupReqLen
 .sbss.USBHD_Dev_SleepStatus
                0x0000000020000262        0x1 ./Peripheral/src/ch32v30x_usbotg_device.o
                0x0000000020000262                USBHD_Dev_SleepStatus
 *fill*         0x0000000020000263        0x1 
 .sbss.pDescr   0x0000000020000264        0x4 ./Peripheral/src/ch32v30x_usbotg_device.o
                0x0000000020000264                pDescr
 .sbss.pEP0_RAM_Addr
                0x0000000020000268        0x4 ./Peripheral/src/ch32v30x_usbotg_device.o
                0x0000000020000268                pEP0_RAM_Addr
 .sbss.pEP1_RAM_Addr
                0x000000002000026c        0x4 ./Peripheral/src/ch32v30x_usbotg_device.o
                0x000000002000026c                pEP1_RAM_Addr
 .sbss.pEP2_RAM_Addr
                0x0000000020000270        0x4 ./Peripheral/src/ch32v30x_usbotg_device.o
                0x0000000020000270                pEP2_RAM_Addr
 .sbss.ADC1_calibrattion
                0x0000000020000274        0x2 ./Hardware/adc.o
 .sbss.ADC2_calibrattion
                0x0000000020000276        0x2 ./Hardware/adc.o
 .sbss.vbus_DMA
                0x0000000020000278        0x2 ./Hardware/adc.o
                0x0000000020000278                vbus_DMA
 .sbss.vgnd_DMA
                0x000000002000027a        0x2 ./Hardware/adc.o
                0x000000002000027a                vgnd_DMA
 .sbss.delay_ms_in
                0x000000002000027c        0x4 ./Hardware/delay.o
 .sbss.p_ms     0x0000000020000280        0x2 ./Hardware/delay.o
 .sbss.p_us     0x0000000020000282        0x1 ./Hardware/delay.o
 *fill*         0x0000000020000283        0x1 
 .sbss.vbus_gnd_raw_DMA
                0x0000000020000284        0x4 ./Hardware/dma.o
                0x0000000020000284                vbus_gnd_raw_DMA
 .sbss.i2f.4260
                0x0000000020000288        0x4 ./Hardware/usart.o
 .sbss.is_big_end.4261
                0x000000002000028c        0x1 ./Hardware/usart.o
 .sbss.rec_pre.4262
                0x000000002000028d        0x1 ./Hardware/usart.o
 *fill*         0x000000002000028e        0x2 
 .sbss.__malloc_free_list
                0x0000000020000290        0x4 s:/app/mounriver/mounriver_studio/toolchain/risc-v embedded gcc/bin/../lib/gcc/riscv-none-embed/8.2.0/../../../../riscv-none-embed/lib/rv32imafc/ilp32f\libg_nano.a(lib_a-nano-mallocr.o)
                0x0000000020000290                __malloc_free_list
 .sbss.__malloc_sbrk_start
                0x0000000020000294        0x4 s:/app/mounriver/mounriver_studio/toolchain/risc-v embedded gcc/bin/../lib/gcc/riscv-none-embed/8.2.0/../../../../riscv-none-embed/lib/rv32imafc/ilp32f\libg_nano.a(lib_a-nano-mallocr.o)
                0x0000000020000294                __malloc_sbrk_start
 .sbss.heap_end.1520
                0x0000000020000298        0x4 s:/app/mounriver/mounriver_studio/toolchain/risc-v embedded gcc/bin/../lib/gcc/riscv-none-embed/8.2.0/../../../../riscv-none-embed/lib/rv32imafc/ilp32f\libnosys.a(sbrk.o)
 *(.gnu.linkonce.sb.*)
 *(.bss*)
 .bss.adcQ      0x000000002000029c       0x5c ./User/main.o
                0x000000002000029c                adcQ
 .bss.cmder     0x00000000200002f8       0xe8 ./User/main.o
                0x00000000200002f8                cmder
 .bss.encoderQ  0x00000000200003e0       0x58 ./User/main.o
                0x00000000200003e0                encoderQ
 .bss.monitor   0x0000000020000438       0x88 ./User/main.o
                0x0000000020000438                monitor
 .bss.motorQ    0x00000000200004c0       0x90 ./User/main.o
                0x00000000200004c0                motorQ
 .bss.pwmQ      0x0000000020000550       0x20 ./User/main.o
                0x0000000020000550                pwmQ
 .bss.currents.2460
                0x0000000020000570        0xc ./QueFOC_dev/motor.o
 .bss.currents_f.2459
                0x000000002000057c        0xc ./QueFOC_dev/motor.o
 .bss.voltages.2458
                0x0000000020000588        0xc ./QueFOC_dev/motor.o
 *(.gnu.linkonce.b.*)
 *(COMMON*)
 COMMON         0x0000000020000594        0x4 s:/app/mounriver/mounriver_studio/toolchain/risc-v embedded gcc/bin/../lib/gcc/riscv-none-embed/8.2.0/../../../../riscv-none-embed/lib/rv32imafc/ilp32f\libg_nano.a(lib_a-reent.o)
                0x0000000020000594                errno
                0x0000000020000598                . = ALIGN (0x4)
                0x0000000020000598                PROVIDE (_ebss = .)
                [!provide]                        PROVIDE (_end = _ebss)
                0x0000000020000598                PROVIDE (end = .)

.stack          0x0000000020007800      0x800
                [!provide]                        PROVIDE (_heap_end = .)
                0x0000000020007800                . = ALIGN (0x4)
                [!provide]                        PROVIDE (_susrstack = .)
                0x0000000020008000                . = (. + __stack_size)
 *fill*         0x0000000020007800      0x800 
                0x0000000020008000                PROVIDE (_eusrstack = .)
OUTPUT(QueFOC.elf elf32-littleriscv)

.debug_info     0x0000000000000000    0x13e78
 .debug_info    0x0000000000000000       0x4a ./User/ch32v30x_it.o
 .debug_info    0x000000000000004a     0x17f9 ./User/main.o
 .debug_info    0x0000000000001843      0x2db ./User/system_ch32v30x.o
 .debug_info    0x0000000000001b1e       0x22 ./Startup/startup_ch32v30x_D8.o
 .debug_info    0x0000000000001b40      0xc30 ./QueFOC_dev/adc_sensor.o
 .debug_info    0x0000000000002770     0x1c45 ./QueFOC_dev/comm.o
 .debug_info    0x00000000000043b5      0x494 ./QueFOC_dev/encoder.o
 .debug_info    0x0000000000004849      0x1bc ./QueFOC_dev/fast_math.o
 .debug_info    0x0000000000004a05     0x1917 ./QueFOC_dev/foc.o
 .debug_info    0x000000000000631c     0x1ad8 ./QueFOC_dev/motor.o
 .debug_info    0x0000000000007df4      0xb47 ./QueFOC_dev/pwm.o
 .debug_info    0x000000000000893b      0xe3b ./Peripheral/src/ch32v30x_adc.o
 .debug_info    0x0000000000009776      0x465 ./Peripheral/src/ch32v30x_dma.o
 .debug_info    0x0000000000009bdb      0x7e5 ./Peripheral/src/ch32v30x_gpio.o
 .debug_info    0x000000000000a3c0      0x6c4 ./Peripheral/src/ch32v30x_misc.o
 .debug_info    0x000000000000aa84      0xcc0 ./Peripheral/src/ch32v30x_rcc.o
 .debug_info    0x000000000000b744      0xa1f ./Peripheral/src/ch32v30x_spi.o
 .debug_info    0x000000000000c163     0x2168 ./Peripheral/src/ch32v30x_tim.o
 .debug_info    0x000000000000e2cb      0xb72 ./Peripheral/src/ch32v30x_usart.o
 .debug_info    0x000000000000ee3d     0x156f ./Peripheral/src/ch32v30x_usbotg_device.o
 .debug_info    0x00000000000103ac      0x982 ./Hardware/adc.o
 .debug_info    0x0000000000010d2e      0x1ed ./Hardware/delay.o
 .debug_info    0x0000000000010f1b      0x3be ./Hardware/dma.o
 .debug_info    0x00000000000112d9      0x45d ./Hardware/gpio.o
 .debug_info    0x0000000000011736      0xcda ./Hardware/it.o
 .debug_info    0x0000000000012410      0x403 ./Hardware/nvic.o
 .debug_info    0x0000000000012813      0x614 ./Hardware/spi.o
 .debug_info    0x0000000000012e27      0xa01 ./Hardware/timer.o
 .debug_info    0x0000000000013828      0x650 ./Hardware/usart.o

.debug_abbrev   0x0000000000000000     0x3afb
 .debug_abbrev  0x0000000000000000       0x2e ./User/ch32v30x_it.o
 .debug_abbrev  0x000000000000002e      0x2d4 ./User/main.o
 .debug_abbrev  0x0000000000000302      0x19f ./User/system_ch32v30x.o
 .debug_abbrev  0x00000000000004a1       0x12 ./Startup/startup_ch32v30x_D8.o
 .debug_abbrev  0x00000000000004b3      0x22d ./QueFOC_dev/adc_sensor.o
 .debug_abbrev  0x00000000000006e0      0x4d9 ./QueFOC_dev/comm.o
 .debug_abbrev  0x0000000000000bb9      0x1fd ./QueFOC_dev/encoder.o
 .debug_abbrev  0x0000000000000db6       0xeb ./QueFOC_dev/fast_math.o
 .debug_abbrev  0x0000000000000ea1      0x3d7 ./QueFOC_dev/foc.o
 .debug_abbrev  0x0000000000001278      0x35d ./QueFOC_dev/motor.o
 .debug_abbrev  0x00000000000015d5      0x272 ./QueFOC_dev/pwm.o
 .debug_abbrev  0x0000000000001847      0x27b ./Peripheral/src/ch32v30x_adc.o
 .debug_abbrev  0x0000000000001ac2      0x1ec ./Peripheral/src/ch32v30x_dma.o
 .debug_abbrev  0x0000000000001cae      0x20a ./Peripheral/src/ch32v30x_gpio.o
 .debug_abbrev  0x0000000000001eb8      0x1f6 ./Peripheral/src/ch32v30x_misc.o
 .debug_abbrev  0x00000000000020ae      0x259 ./Peripheral/src/ch32v30x_rcc.o
 .debug_abbrev  0x0000000000002307      0x201 ./Peripheral/src/ch32v30x_spi.o
 .debug_abbrev  0x0000000000002508      0x2f7 ./Peripheral/src/ch32v30x_tim.o
 .debug_abbrev  0x00000000000027ff      0x201 ./Peripheral/src/ch32v30x_usart.o
 .debug_abbrev  0x0000000000002a00      0x2da ./Peripheral/src/ch32v30x_usbotg_device.o
 .debug_abbrev  0x0000000000002cda      0x20e ./Hardware/adc.o
 .debug_abbrev  0x0000000000002ee8       0xfc ./Hardware/delay.o
 .debug_abbrev  0x0000000000002fe4      0x168 ./Hardware/dma.o
 .debug_abbrev  0x000000000000314c      0x146 ./Hardware/gpio.o
 .debug_abbrev  0x0000000000003292      0x1e3 ./Hardware/it.o
 .debug_abbrev  0x0000000000003475      0x101 ./Hardware/nvic.o
 .debug_abbrev  0x0000000000003576      0x1c1 ./Hardware/spi.o
 .debug_abbrev  0x0000000000003737      0x182 ./Hardware/timer.o
 .debug_abbrev  0x00000000000038b9      0x242 ./Hardware/usart.o

.debug_aranges  0x0000000000000000      0xe08
 .debug_aranges
                0x0000000000000000       0x28 ./User/ch32v30x_it.o
 .debug_aranges
                0x0000000000000028       0x38 ./User/main.o
 .debug_aranges
                0x0000000000000060       0x28 ./User/system_ch32v30x.o
 .debug_aranges
                0x0000000000000088       0x30 ./Startup/startup_ch32v30x_D8.o
 .debug_aranges
                0x00000000000000b8       0x30 ./QueFOC_dev/adc_sensor.o
 .debug_aranges
                0x00000000000000e8       0x78 ./QueFOC_dev/comm.o
 .debug_aranges
                0x0000000000000160       0x40 ./QueFOC_dev/encoder.o
 .debug_aranges
                0x00000000000001a0       0x40 ./QueFOC_dev/fast_math.o
 .debug_aranges
                0x00000000000001e0       0x70 ./QueFOC_dev/foc.o
 .debug_aranges
                0x0000000000000250       0x70 ./QueFOC_dev/motor.o
 .debug_aranges
                0x00000000000002c0       0x38 ./QueFOC_dev/pwm.o
 .debug_aranges
                0x00000000000002f8      0x150 ./Peripheral/src/ch32v30x_adc.o
 .debug_aranges
                0x0000000000000448       0x60 ./Peripheral/src/ch32v30x_dma.o
 .debug_aranges
                0x00000000000004a8       0xa8 ./Peripheral/src/ch32v30x_gpio.o
 .debug_aranges
                0x0000000000000550       0x28 ./Peripheral/src/ch32v30x_misc.o
 .debug_aranges
                0x0000000000000578      0x1a8 ./Peripheral/src/ch32v30x_rcc.o
 .debug_aranges
                0x0000000000000720       0xd0 ./Peripheral/src/ch32v30x_spi.o
 .debug_aranges
                0x00000000000007f0      0x2d0 ./Peripheral/src/ch32v30x_tim.o
 .debug_aranges
                0x0000000000000ac0      0x100 ./Peripheral/src/ch32v30x_usart.o
 .debug_aranges
                0x0000000000000bc0       0x50 ./Peripheral/src/ch32v30x_usbotg_device.o
 .debug_aranges
                0x0000000000000c10       0x50 ./Hardware/adc.o
 .debug_aranges
                0x0000000000000c60       0x30 ./Hardware/delay.o
 .debug_aranges
                0x0000000000000c90       0x20 ./Hardware/dma.o
 .debug_aranges
                0x0000000000000cb0       0x28 ./Hardware/gpio.o
 .debug_aranges
                0x0000000000000cd8       0x38 ./Hardware/it.o
 .debug_aranges
                0x0000000000000d10       0x20 ./Hardware/nvic.o
 .debug_aranges
                0x0000000000000d30       0x48 ./Hardware/spi.o
 .debug_aranges
                0x0000000000000d78       0x48 ./Hardware/timer.o
 .debug_aranges
                0x0000000000000dc0       0x48 ./Hardware/usart.o

.debug_ranges   0x0000000000000000      0xf18
 .debug_ranges  0x0000000000000000       0x18 ./User/ch32v30x_it.o
 .debug_ranges  0x0000000000000018       0x28 ./User/main.o
 .debug_ranges  0x0000000000000040       0x38 ./User/system_ch32v30x.o
 .debug_ranges  0x0000000000000078       0x28 ./Startup/startup_ch32v30x_D8.o
 .debug_ranges  0x00000000000000a0       0x20 ./QueFOC_dev/adc_sensor.o
 .debug_ranges  0x00000000000000c0      0x1b8 ./QueFOC_dev/comm.o
 .debug_ranges  0x0000000000000278       0x48 ./QueFOC_dev/encoder.o
 .debug_ranges  0x00000000000002c0       0x30 ./QueFOC_dev/fast_math.o
 .debug_ranges  0x00000000000002f0       0xb8 ./QueFOC_dev/foc.o
 .debug_ranges  0x00000000000003a8       0xc0 ./QueFOC_dev/motor.o
 .debug_ranges  0x0000000000000468       0x28 ./QueFOC_dev/pwm.o
 .debug_ranges  0x0000000000000490      0x140 ./Peripheral/src/ch32v30x_adc.o
 .debug_ranges  0x00000000000005d0       0x50 ./Peripheral/src/ch32v30x_dma.o
 .debug_ranges  0x0000000000000620       0x98 ./Peripheral/src/ch32v30x_gpio.o
 .debug_ranges  0x00000000000006b8       0x48 ./Peripheral/src/ch32v30x_misc.o
 .debug_ranges  0x0000000000000700      0x198 ./Peripheral/src/ch32v30x_rcc.o
 .debug_ranges  0x0000000000000898       0xc0 ./Peripheral/src/ch32v30x_spi.o
 .debug_ranges  0x0000000000000958      0x2f0 ./Peripheral/src/ch32v30x_tim.o
 .debug_ranges  0x0000000000000c48       0xf0 ./Peripheral/src/ch32v30x_usart.o
 .debug_ranges  0x0000000000000d38       0x40 ./Peripheral/src/ch32v30x_usbotg_device.o
 .debug_ranges  0x0000000000000d78       0x60 ./Hardware/adc.o
 .debug_ranges  0x0000000000000dd8       0x20 ./Hardware/delay.o
 .debug_ranges  0x0000000000000df8       0x10 ./Hardware/dma.o
 .debug_ranges  0x0000000000000e08       0x18 ./Hardware/gpio.o
 .debug_ranges  0x0000000000000e20       0x28 ./Hardware/it.o
 .debug_ranges  0x0000000000000e48       0x10 ./Hardware/nvic.o
 .debug_ranges  0x0000000000000e58       0x38 ./Hardware/spi.o
 .debug_ranges  0x0000000000000e90       0x38 ./Hardware/timer.o
 .debug_ranges  0x0000000000000ec8       0x50 ./Hardware/usart.o

.debug_line     0x0000000000000000    0x1320c
 .debug_line    0x0000000000000000       0x76 ./User/ch32v30x_it.o
 .debug_line    0x0000000000000076      0x5c6 ./User/main.o
 .debug_line    0x000000000000063c      0x6c9 ./User/system_ch32v30x.o
 .debug_line    0x0000000000000d05      0x346 ./Startup/startup_ch32v30x_D8.o
 .debug_line    0x000000000000104b      0x597 ./QueFOC_dev/adc_sensor.o
 .debug_line    0x00000000000015e2      0xeeb ./QueFOC_dev/comm.o
 .debug_line    0x00000000000024cd      0x7ee ./QueFOC_dev/encoder.o
 .debug_line    0x0000000000002cbb      0x291 ./QueFOC_dev/fast_math.o
 .debug_line    0x0000000000002f4c      0xf27 ./QueFOC_dev/foc.o
 .debug_line    0x0000000000003e73     0x12fb ./QueFOC_dev/motor.o
 .debug_line    0x000000000000516e      0x37b ./QueFOC_dev/pwm.o
 .debug_line    0x00000000000054e9     0x1804 ./Peripheral/src/ch32v30x_adc.o
 .debug_line    0x0000000000006ced      0x968 ./Peripheral/src/ch32v30x_dma.o